Archive member included to satisfy reference by file (symbol)

C:/devkitPro/libnds/lib\libmm9.a(mm_comms.o)
                              MaxModExample.o (mmEffectEx)
C:/devkitPro/libnds/lib\libmm9.a(mm_memory.o)
                              MaxModExample.o (mmLoadEffect)
C:/devkitPro/libnds/lib\libmm9.a(mm_main9.o)
                              C:/devkitPro/libnds/lib\libmm9.a(mm_memory.o) (mmcbMemory)
C:/devkitPro/libnds/lib\libmm9.a(mm_soundbank.o)
                              C:/devkitPro/libnds/lib\libmm9.a(mm_main9.o) (mmSoundBankInMemory)
C:/devkitPro/libnds/lib\libmm9.a(mm_flusher.o)
                              C:/devkitPro/libnds/lib\libmm9.a(mm_memory.o) (mmFlushBank)
C:/devkitPro/libnds/lib\libnds9.a(gl2d.o)
                              MaxModExample.o (glScreen2D)
C:/devkitPro/libnds/lib\libnds9.a(videoGL.o)
                              C:/devkitPro/libnds/lib\libnds9.a(gl2d.o) (glMaterialf)
C:/devkitPro/libnds/lib\libnds9.a(keys.o)
                              MaxModExample.o (scanKeys)
C:/devkitPro/libnds/lib\libnds9.a(initSystem.o)
                              C:/devkitPro/devkitARM/bin/../lib/gcc/arm-none-eabi/13.1.0/../../../../arm-none-eabi/lib/thumb/ds_arm9_crt0.o (initSystem)
C:/devkitPro/libnds/lib\libnds9.a(securearea.o)
                              C:/devkitPro/devkitARM/bin/../lib/gcc/arm-none-eabi/13.1.0/../../../../arm-none-eabi/lib/thumb/ds_arm9_crt0.o (__secure_area__)
C:/devkitPro/libnds/lib\libnds9.a(interrupts.o)
                              C:/devkitPro/libnds/lib\libnds9.a(initSystem.o) (irqInit)
C:/devkitPro/libnds/lib\libnds9.a(libnds_exit.arm.o)
                              C:/devkitPro/devkitARM/bin/../lib/gcc/arm-none-eabi/13.1.0/../../../../arm-none-eabi/lib/thumb/ds_arm9_crt0.o (__libnds_exit)
C:/devkitPro/libnds/lib\libnds9.a(fifosystem.o)
                              C:/devkitPro/libnds/lib\libmm9.a(mm_comms.o) (fifoSetValue32Handler)
C:/devkitPro/libnds/lib\libnds9.a(mpu_setup.o)
                              C:/devkitPro/devkitARM/bin/../lib/gcc/arm-none-eabi/13.1.0/../../../../arm-none-eabi/lib/thumb/ds_arm9_crt0.o (__libnds_mpu_setup)
C:/devkitPro/libnds/lib\libnds9.a(IntrWait.o)
                              MaxModExample.o (swiWaitForVBlank)
C:/devkitPro/libnds/lib\libnds9.a(cpu_clock.o)
                              C:/devkitPro/libnds/lib\libnds9.a(initSystem.o) (setCpuClock)
C:/devkitPro/libnds/lib\libnds9.a(interruptDispatcher.o)
                              C:/devkitPro/libnds/lib\libnds9.a(interrupts.o) (IntrMain)
C:/devkitPro/libnds/lib\libnds9.a(biosCalls.o)
                              C:/devkitPro/libnds/lib\libnds9.a(videoGL.o) (swiCopy)
C:/devkitPro/libnds/lib\libnds9.a(swiSoftReset.o)
                              C:/devkitPro/libnds/lib\libnds9.a(fifosystem.o) (swiSoftReset)
C:/devkitPro/libnds/lib\libnds9.a(dynamicArray.o)
                              C:/devkitPro/libnds/lib\libnds9.a(videoGL.o) (DynamicArrayInit)
C:/devkitPro/libnds/lib\libnds9.a(trig.o)
                              C:/devkitPro/libnds/lib\libnds9.a(gl2d.o) (sinLerp)
C:/devkitPro/libnds/lib\libnds9.a(video.o)
                              C:/devkitPro/libnds/lib\libnds9.a(videoGL.o) (vramSetBanks_EFG)
C:/devkitPro/libnds/lib\libnds9.a(system.o)
                              C:/devkitPro/libnds/lib\libnds9.a(initSystem.o) (systemValueHandler)
C:/devkitPro/devkitARM/bin/../lib/gcc/arm-none-eabi/13.1.0/thumb\libgcc.a(_divsi3.o)
                              C:/devkitPro/libnds/lib\libnds9.a(gl2d.o) (__aeabi_idiv)
C:/devkitPro/devkitARM/bin/../lib/gcc/arm-none-eabi/13.1.0/thumb\libgcc.a(_dvmd_tls.o)
                              C:/devkitPro/devkitARM/bin/../lib/gcc/arm-none-eabi/13.1.0/thumb\libgcc.a(_divsi3.o) (__aeabi_idiv0)
C:/devkitPro/devkitARM/bin/../lib/gcc/arm-none-eabi/13.1.0/thumb\libgcc.a(_muldi3.o)
                              C:/devkitPro/libnds/lib\libnds9.a(gl2d.o) (__aeabi_lmul)
C:/devkitPro/devkitARM/bin/../lib/gcc/arm-none-eabi/13.1.0/../../../../arm-none-eabi/lib/thumb\libg.a(libc_a-bsearch.o)
                              C:/devkitPro/libnds/lib\libnds9.a(trig.o) (bsearch)
C:/devkitPro/devkitARM/bin/../lib/gcc/arm-none-eabi/13.1.0/../../../../arm-none-eabi/lib/thumb\libg.a(libc_a-calloc.o)
                              C:/devkitPro/libnds/lib\libnds9.a(videoGL.o) (calloc)
C:/devkitPro/devkitARM/bin/../lib/gcc/arm-none-eabi/13.1.0/../../../../arm-none-eabi/lib/thumb\libg.a(libc_a-callocr.o)
                              C:/devkitPro/devkitARM/bin/../lib/gcc/arm-none-eabi/13.1.0/../../../../arm-none-eabi/lib/thumb\libg.a(libc_a-calloc.o) (_calloc_r)
C:/devkitPro/devkitARM/bin/../lib/gcc/arm-none-eabi/13.1.0/../../../../arm-none-eabi/lib/thumb\libg.a(libc_a-fclose.o)
                              C:/devkitPro/libnds/lib\libmm9.a(mm_main9.o) (fclose)
C:/devkitPro/devkitARM/bin/../lib/gcc/arm-none-eabi/13.1.0/../../../../arm-none-eabi/lib/thumb\libg.a(libc_a-malloc.o)
[...]
Memory Configuration

Name             Origin             Length             Attributes
ewram            0x02000000         0x00380000
dtcm             0x02ff0000         0x00004000
vectors          0x01000000         0x00000100
itcm             0x01000100         0x00007f00
*default*        0x00000000         0xffffffff

Linker script and memory map

                0x02380000                        __ewram_end = (ORIGIN (ewram) + LENGTH (ewram))
                0x02380000                        __eheap_end = (ORIGIN (ewram) + LENGTH (ewram))
                0x02ff4000                        __dtcm_top = (ORIGIN (dtcm) + LENGTH (dtcm))
                0x02ff3ff8                        __irq_flags = (__dtcm_top - 0x8)
                0x02ff3ffc                        __irq_vector = (__dtcm_top - 0x4)
                0x02ff3f00                        __sp_svc = (__dtcm_top - 0x100)
                0x02ff3e00                        __sp_irq = (__sp_svc - 0x100)
                0x02ff3d00                        __sp_usr = (__sp_irq - 0x100)

.secure         0x02000000      0x800
 *(.secure)
 .secure        0x02000000      0x800 C:/devkitPro/libnds/lib\libnds9.a(securearea.o)
                0x02000000                __secure_area__

.crt0           0x02000800      0x300
                0x02000800                        __text_start = .
 *(.crt0)
 .crt0          0x02000800      0x300 C:/devkitPro/devkitARM/bin/../lib/gcc/arm-none-eabi/13.1.0/../../../../arm-none-eabi/lib/thumb/ds_arm9_crt0.o
                0x02000800                _start
                0x02000b00                        . = ALIGN (0x4)

.plt
 *(.plt)

.init           0x02000b00        0xc
 *(SORT_NONE(.init))
 .init          0x02000b00        0x4 C:/devkitPro/devkitARM/bin/../lib/gcc/arm-none-eabi/13.1.0/thumb/crti.o
                0x02000b00                _init
 .init          0x02000b04        0x8 C:/devkitPro/devkitARM/bin/../lib/gcc/arm-none-eabi/13.1.0/thumb/crtn.o

.text           0x02000b10     0x4ea8
 *(EXCLUDE_FILE(*.twl* *.vectors* *.itcm*) .text)
 .text          0x02000b10      0x24c C:/devkitPro/libnds/lib\libmm9.a(mm_comms.o)
                0x02000b10                mmSetupComms
                0x02000b62                mmSendBank
                0x02000b6c                mmLockChannels
                0x02000b72                mmUnlockChannels
                0x02000b78                mmStart
                0x02000b82                mmPause
                0x02000b86                mmResume
                0x02000b8a                mmStop
                0x02000b8e                mmPosition
                0x02000b92                mmJingle
                0x02000b96                mmSetModuleVolume
                0x02000b9a                mmSetJingleVolume
                0x02000b9e                mmSetModuleTempo
                0x02000ba2                mmSetModulePitch
                0x02000ba6                mmSetEffectsVolume
                0x02000baa                mmSelectMode
                0x02000bae                mmStreamBegin
                0x02000bc2                mmStreamEnd
                0x02000c18                mmEffect
                0x02000c3c                mmEffectVolume
                0x02000c40                mmEffectPanning
                0x02000c44                mmEffectRate
                0x02000c4e                mmEffectScaleRate
                0x02000c58                mmEffectRelease
                0x02000c5e                mmEffectCancel
                0x02000c64                mmEffectEx
                0x02000ca2                mmEffectCancelAll
                0x02000ca6                mmReverbEnable
                0x02000caa                mmReverbDisable
                0x02000cae                mmReverbConfigure
                0x02000d0a                mmReverbStart
                0x02000d0e                mmReverbStop
 .text          0x02000d5c      0x120 C:/devkitPro/libnds/lib\libmm9.a(mm_memory.o)
                0x02000d5c                mmLoad
                0x02000dac                mmUnload
                0x02000e04                mmLoadEffect
                0x02000e3c                mmUnloadEffect
 .text          0x02000e7c      0x108 C:/devkitPro/libnds/lib\libmm9.a(mm_main9.o)
                0x02000e7c                mmActive
                0x02000e82                mmSetEventHandler
                0x02000e88                mmInit
                0x02000eb2                mmInitDefault
                0x02000efc                mmInitDefaultMem
                0x02000f1e                mmSuspendIRQ_t
                0x02000f3c                mmRestoreIRQ_t
 .text          0x02000f84      0x100 C:/devkitPro/libnds/lib\libmm9.a(mm_soundbank.o)
                0x02000f84                mmSoundBankInMemory
                0x02000f8c                mmSoundBankInFiles
                0x02000f9e                mmSetCustomSoundBankHandler
                0x02000fca                mmsHandleFileOp
 .text          0x02001084       0x3c C:/devkitPro/libnds/lib\libmm9.a(mm_flusher.o)
                0x02001084                mmFlushBank
 .text          0x020010c0        0x4 C:/devkitPro/devkitARM/bin/../lib/gcc/arm-none-eabi/13.1.0/thumb\libgcc.a(_dvmd_tls.o)
                0x020010c0                __aeabi_idiv0
                0x020010c0                __aeabi_ldiv0
 .text          0x020010c4      0x11c C:/devkitPro/devkitARM/bin/../lib/gcc/arm-none-eabi/13.1.0/thumb\libgcc.a(_udivsi3.o)
                0x020010c4                __aeabi_uidiv
                0x020010c4                __udivsi3
                0x020011c0                __aeabi_uidivmod
 *(EXCLUDE_FILE(*.twl* *.vectors* *.itcm*) .stub)
 *(EXCLUDE_FILE(*.twl* *.vectors* *.itcm*) .text.*)
 .text.__do_global_dtors_aux
                0x020011e0       0x2c C:/devkitPro/devkitARM/bin/../lib/gcc/arm-none-eabi/13.1.0/thumb/crtbegin.o
 .text.frame_dummy
                0x0200120c       0x24 C:/devkitPro/devkitARM/bin/../lib/gcc/arm-none-eabi/13.1.0/thumb/crtbegin.o
 .text.startup  0x02001230      0x1c4 MaxModExample.o
                0x02001230                main
 .text.SetOrtho
                0x020013f4      0x184 C:/devkitPro/libnds/lib\libnds9.a(gl2d.o)
                0x020013f4                SetOrtho
 .text.glScreen2D
                0x02001578      0x540 C:/devkitPro/libnds/lib\libnds9.a(gl2d.o)
                0x02001578                glScreen2D
 .text.glBegin2D
                0x02001ab8       0x84 C:/devkitPro/libnds/lib\libnds9.a(gl2d.o)
                0x02001ab8                glBegin2D
 .text.glEnd2D  0x02001b3c       0x1c C:/devkitPro/libnds/lib\libnds9.a(gl2d.o)
                0x02001b3c                glEnd2D
 .text.glBoxFilled
                0x02001b58       0x98 C:/devkitPro/libnds/lib\libnds9.a(gl2d.o)
                0x02001b58                glBoxFilled
 .text.glMaterialf
                0x02001bf0       0x7c C:/devkitPro/libnds/lib\libnds9.a(videoGL.o)
                0x02001bf0                glMaterialf
 .text.vramBlock_init
                0x02001c6c       0x5c C:/devkitPro/libnds/lib\libnds9.a(videoGL.o)
                0x02001c6c                vramBlock_init
 .text.glInit_C
                0x02001cc8      0x1cc C:/devkitPro/libnds/lib\libnds9.a(videoGL.o)
                0x02001cc8                glInit_C
 .text.glBindTexture
                0x02001e94       0x60 C:/devkitPro/libnds/lib\libnds9.a(videoGL.o)
                0x02001e94                glBindTexture
 .text.scanKeys
                0x02001ef4       0x8c C:/devkitPro/libnds/lib\libnds9.a(keys.o)
                0x02001ef4                scanKeys
 .text.keysDown
                0x02001f80       0x14 C:/devkitPro/libnds/lib\libnds9.a(keys.o)
                0x02001f80                keysDown
 .text.keysUp   0x02001f94       0x18 C:/devkitPro/libnds/lib\libnds9.a(keys.o)
                0x02001f94                keysUp
 .text.initSystem
                0x02001fac      0x180 C:/devkitPro/libnds/lib\libnds9.a(initSystem.o)
                0x02001fac                initSystem
 .text.irqDummy
                0x0200212c        0x4 C:/devkitPro/libnds/lib\libnds9.a(interrupts.o)
                0x0200212c                irqDummy
 .text.irqSet   0x02002130       0x6c C:/devkitPro/libnds/lib\libnds9.a(interrupts.o)
                0x02002130                irqSet
 .text.irqInit  0x0200219c       0x50 C:/devkitPro/libnds/lib\libnds9.a(interrupts.o)
                0x0200219c                irqInit
 .text.irqEnable
                0x020021ec       0x64 C:/devkitPro/libnds/lib\libnds9.a(interrupts.o)
                0x020021ec                irqEnable
 .text.systemErrorExit
                0x02002250        0x4 C:/devkitPro/libnds/lib\libnds9.a(libnds_exit.arm.o)
                0x02002250                systemErrorExit
 .text.__libnds_exit
                0x02002254       0x5c C:/devkitPro/libnds/lib\libnds9.a(libnds_exit.arm.o)
                0x02002254                __libnds_exit
 .text.fifo_queueBlock
                0x020022b0       0x44 C:/devkitPro/libnds/lib\libnds9.a(fifosystem.o)
 .text.fifo_waitBlock
                0x020022f4       0x80 C:/devkitPro/libnds/lib\libnds9.a(fifosystem.o)
 .text.fifoInternalSend.part.0
                0x02002374       0xd4 C:/devkitPro/libnds/lib\libnds9.a(fifosystem.o)
 .text.fifoInternalSendInterrupt
                0x02002448       0xb0 C:/devkitPro/libnds/lib\libnds9.a(fifosystem.o)
 .text.fifoSetValue32Handler
                0x020024f8       0xd4 C:/devkitPro/libnds/lib\libnds9.a(fifosystem.o)
                0x020024f8                fifoSetValue32Handler
 .text.fifoSendValue32
                0x020025cc       0x4c C:/devkitPro/libnds/lib\libnds9.a(fifosystem.o)
                0x020025cc                fifoSendValue32
 .text.fifoSendDatamsg
                0x02002618       0x90 C:/devkitPro/libnds/lib\libnds9.a(fifosystem.o)
                0x02002618                fifoSendDatamsg
 .text.fifoGetDatamsg
                0x020026a8       0xf4 C:/devkitPro/libnds/lib\libnds9.a(fifosystem.o)
                0x020026a8                fifoGetDatamsg
 .text.fifoInternalRecvInterrupt
                0x0200279c      0x37c C:/devkitPro/libnds/lib\libnds9.a(fifosystem.o)
 .text.fifoSetDatamsgHandler
                0x02002b18       0x9c C:/devkitPro/libnds/lib\libnds9.a(fifosystem.o)
                0x02002b18                fifoSetDatamsgHandler
 .text.fifoInit
                0x02002bb4      0x108 C:/devkitPro/libnds/lib\libnds9.a(fifosystem.o)
                0x02002bb4                fifoInit
 .text.__libnds_mpu_setup
                0x02002cbc      0x174 C:/devkitPro/libnds/lib\libnds9.a(mpu_setup.o)
                0x02002cbc                __libnds_mpu_setup
 .text.memUncached
                0x02002e30       0x20 C:/devkitPro/libnds/lib\libnds9.a(mpu_setup.o)
                0x02002e30                memUncached
 .text.swiWaitForVBlank
                0x02002e50        0x8 C:/devkitPro/libnds/lib\libnds9.a(IntrWait.o)
                0x02002e50                swiWaitForVBlank
 .text.swiIntrWait
                0x02002e58       0x70 C:/devkitPro/libnds/lib\libnds9.a(IntrWait.o)
                0x02002e58                swiIntrWait
 .text.setCpuClock
                0x02002ec8       0x50 C:/devkitPro/libnds/lib\libnds9.a(cpu_clock.o)
                0x02002ec8                setCpuClock
 .text.swiDelay
                0x02002f18        0x4 C:/devkitPro/libnds/lib\libnds9.a(biosCalls.o)
                0x02002f18                swiDelay
 .text.swiSoftReset
                0x02002f1c       0x2c C:/devkitPro/libnds/lib\libnds9.a(swiSoftReset.o)
                0x02002f1c                swiSoftReset
 .text.DynamicArrayInit
                0x02002f48       0x18 C:/devkitPro/libnds/lib\libnds9.a(dynamicArray.o)
                0x02002f48                DynamicArrayInit
 .text.DynamicArrayGet
                0x02002f60       0x18 C:/devkitPro/libnds/lib\libnds9.a(dynamicArray.o)
                0x02002f60                DynamicArrayGet
 .text.DynamicArraySet
                0x02002f78       0x48 C:/devkitPro/libnds/lib\libnds9.a(dynamicArray.o)
                0x02002f78                DynamicArraySet
 .text.tanLerp  0x02002fc0       0xb0 C:/devkitPro/libnds/lib\libnds9.a(trig.o)
                0x02002fc0                tanLerp
 .text.vramDefault
                0x02003070       0xd0 C:/devkitPro/libnds/lib\libnds9.a(video.o)
                0x02003070                vramDefault
 .text.systemValueHandler
                0x02003140       0x48 C:/devkitPro/libnds/lib\libnds9.a(system.o)
                0x02003140                systemValueHandler
 .text.systemMsgHandler
                0x02003188       0x60 C:/devkitPro/libnds/lib\libnds9.a(system.o)
                0x02003188                systemMsgHandler
 .text.powerOn  0x020031e8       0x2c C:/devkitPro/libnds/lib\libnds9.a(system.o)
                0x020031e8                powerOn
 .text.__muldi3
                0x02003214       0x64 C:/devkitPro/devkitARM/bin/../lib/gcc/arm-none-eabi/13.1.0/thumb\libgcc.a(_muldi3.o)
                0x02003214                __muldi3
                0x02003214                __aeabi_lmul
 .text.calloc   0x02003278       0x18 C:/devkitPro/devkitARM/bin/../lib/gcc/arm-none-eabi/13.1.0/../../../../arm-none-eabi/lib/thumb\libg.a(libc_a-calloc.o)
                0x02003278                calloc
 .text._calloc_r
                0x02003290       0xb8 C:/devkitPro/devkitARM/bin/../lib/gcc/arm-none-eabi/13.1.0/../../../../arm-none-eabi/lib/thumb\libg.a(libc_a-callocr.o)
                0x02003290                _calloc_r
 .text._fclose_r
                0x02003348       0xd8 C:/devkitPro/devkitARM/bin/../lib/gcc/arm-none-eabi/13.1.0/../../../../arm-none-eabi/lib/thumb\libg.a(libc_a-fclose.o)
                0x02003348                _fclose_r
 .text.fclose   0x02003420       0x14 C:/devkitPro/devkitARM/bin/../lib/gcc/arm-none-eabi/13.1.0/../../../../arm-none-eabi/lib/thumb\libg.a(libc_a-fclose.o)
                0x02003420                fclose
 .text.malloc   0x02003434       0x14 C:/devkitPro/devkitARM/bin/../lib/gcc/arm-none-eabi/13.1.0/../../../../arm-none-eabi/lib/thumb\libg.a(libc_a-malloc.o)
                0x02003434                malloc
 .text.free     0x02003448       0x14 C:/devkitPro/devkitARM/bin/../lib/gcc/arm-none-eabi/13.1.0/../../../../arm-none-eabi/lib/thumb\libg.a(libc_a-malloc.o)
                0x02003448                free
 .text._malloc_r
                0x0200345c      0x558 C:/devkitPro/devkitARM/bin/../lib/gcc/arm-none-eabi/13.1.0/../../../../arm-none-eabi/lib/thumb\libg.a(libc_a-mallocr.o)
                0x0200345c                _malloc_r
 .text.memset   0x020039b4       0xb0 C:/devkitPro/devkitARM/bin/../lib/gcc/arm-none-eabi/13.1.0/../../../../arm-none-eabi/lib/thumb\libg.a(libc_a-memset.o)
                0x020039b4                memset
 .text.__malloc_lock
                0x02003a64       0x14 C:/devkitPro/devkitARM/bin/../lib/gcc/arm-none-eabi/13.1.0/../../../../arm-none-eabi/lib/thumb\libg.a(libc_a-mlock.o)
                0x02003a64                __malloc_lock
 .text.__malloc_unlock
                0x02003a78       0x14 C:/devkitPro/devkitARM/bin/../lib/gcc/arm-none-eabi/13.1.0/../../../../arm-none-eabi/lib/thumb\libg.a(libc_a-mlock.o)
                0x02003a78                __malloc_unlock
 .text._fopen_r
                0x02003a8c       0xb8 C:/devkitPro/devkitARM/bin/../lib/gcc/arm-none-eabi/13.1.0/../../../../arm-none-eabi/lib/thumb\libg.a(libc_a-fopen.o)
                0x02003a8c                _fopen_r
 .text.fopen    0x02003b44       0x18 C:/devkitPro/devkitARM/bin/../lib/gcc/arm-none-eabi/13.1.0/../../../../arm-none-eabi/lib/thumb\libg.a(libc_a-fopen.o)
                0x02003b44                fopen
 .text.__sflush_r
                0x02003b5c      0x188 C:/devkitPro/devkitARM/bin/../lib/gcc/arm-none-eabi/13.1.0/../../../../arm-none-eabi/lib/thumb\libg.a(libc_a-fflush.o)
                0x02003b5c                __sflush_r
 .text._fflush_r
                0x02003ce4       0x70 C:/devkitPro/devkitARM/bin/../lib/gcc/arm-none-eabi/13.1.0/../../../../arm-none-eabi/lib/thumb\libg.a(libc_a-fflush.o)
                0x02003ce4                _fflush_r
 .text._fwalk_sglue
                0x02003d54       0x4c C:/devkitPro/devkitARM/bin/../lib/gcc/arm-none-eabi/13.1.0/../../../../arm-none-eabi/lib/thumb\libg.a(libc_a-fwalk.o)
                0x02003d54                _fwalk_sglue
 .text._fread_r
                0x02003da0      0x224 C:/devkitPro/devkitARM/bin/../lib/gcc/arm-none-eabi/13.1.0/../../../../arm-none-eabi/lib/thumb\libg.a(libc_a-fread.o)
                0x02003da0                _fread_r
 .text.fread    0x02003fc4       0x24 C:/devkitPro/devkitARM/bin/../lib/gcc/arm-none-eabi/13.1.0/../../../../arm-none-eabi/lib/thumb\libg.a(libc_a-fread.o)
                0x02003fc4                fread
 .text.stdio_exit_handler
                0x02003fe8       0x20 C:/devkitPro/devkitARM/bin/../lib/gcc/arm-none-eabi/13.1.0/../../../../arm-none-eabi/lib/thumb\libg.a(libc_a-findfp.o)
 .text.cleanup_stdio
                0x02004008       0x40 C:/devkitPro/devkitARM/bin/../lib/gcc/arm-none-eabi/13.1.0/../../../../arm-none-eabi/lib/thumb\libg.a(libc_a-findfp.o)
 .text.global_stdio_init.part.0
                0x02004048      0x128 C:/devkitPro/devkitARM/bin/../lib/gcc/arm-none-eabi/13.1.0/../../../../arm-none-eabi/lib/thumb\libg.a(libc_a-findfp.o)
 .text.__sfp    0x02004170       0xcc C:/devkitPro/devkitARM/bin/../lib/gcc/arm-none-eabi/13.1.0/../../../../arm-none-eabi/lib/thumb\libg.a(libc_a-findfp.o)
                0x02004170                __sfp
 .text.__sinit  0x0200423c       0x3c C:/devkitPro/devkitARM/bin/../lib/gcc/arm-none-eabi/13.1.0/../../../../arm-none-eabi/lib/thumb\libg.a(libc_a-findfp.o)
                0x0200423c                __sinit
 .text.__sfp_lock_acquire
                0x02004278       0x14 C:/devkitPro/devkitARM/bin/../lib/gcc/arm-none-eabi/13.1.0/../../../../arm-none-eabi/lib/thumb\libg.a(libc_a-findfp.o)
                0x02004278                __sfp_lock_acquire
 .text.__sfp_lock_release
                0x0200428c       0x14 C:/devkitPro/devkitARM/bin/../lib/gcc/arm-none-eabi/13.1.0/../../../../arm-none-eabi/lib/thumb\libg.a(libc_a-findfp.o)
                0x0200428c                __sfp_lock_release
 .text._fseek_r
                0x020042a0       0x18 C:/devkitPro/devkitARM/bin/../lib/gcc/arm-none-eabi/13.1.0/../../../../arm-none-eabi/lib/thumb\libg.a(libc_a-fseek.o)
                0x020042a0                _fseek_r
 .text.fseek    0x020042b8       0x24 C:/devkitPro/devkitARM/bin/../lib/gcc/arm-none-eabi/13.1.0/../../../../arm-none-eabi/lib/thumb\libg.a(libc_a-fseek.o)
                0x020042b8                fseek
 .text.realloc  0x020042dc       0x18 C:/devkitPro/devkitARM/bin/../lib/gcc/arm-none-eabi/13.1.0/../../../../arm-none-eabi/lib/thumb\libg.a(libc_a-realloc.o)
                0x020042dc                realloc
 .text.memcpy   0x020042f4       0x90 C:/devkitPro/devkitARM/bin/../lib/gcc/arm-none-eabi/13.1.0/../../../../arm-none-eabi/lib/thumb\libg.a(libc_a-memcpy-stub.o)
                0x020042f4                memcpy
 .text.__libc_init_array
                0x02004384       0x54 C:/devkitPro/devkitARM/bin/../lib/gcc/arm-none-eabi/13.1.0/../../../../arm-none-eabi/lib/thumb\libg.a(libc_a-init.o)
                0x02004384                __libc_init_array
 .text.__errno  0x020043d8        0xc C:/devkitPro/devkitARM/bin/../lib/gcc/arm-none-eabi/13.1.0/../../../../arm-none-eabi/lib/thumb\libg.a(libc_a-errno.o)
                0x020043d8                __errno
 .text.__smakebuf_r
                0x020043e4       0xe8 C:/devkitPro/devkitARM/bin/../lib/gcc/arm-none-eabi/13.1.0/../../../../arm-none-eabi/lib/thumb\libg.a(libc_a-makebuf.o)
                0x020043e4                __smakebuf_r
 .text.lflush   0x020044cc       0x24 C:/devkitPro/devkitARM/bin/../lib/gcc/arm-none-eabi/13.1.0/../../../../arm-none-eabi/lib/thumb\libg.a(libc_a-refill.o)
 .text.__srefill_r
                0x020044f0      0x10c C:/devkitPro/devkitARM/bin/../lib/gcc/arm-none-eabi/13.1.0/../../../../arm-none-eabi/lib/thumb\libg.a(libc_a-refill.o)
                0x020044f0                __srefill_r
 .text.__sread  0x020045fc       0x34 C:/devkitPro/devkitARM/bin/../lib/gcc/arm-none-eabi/13.1.0/../../../../arm-none-eabi/lib/thumb\libg.a(libc_a-stdio.o)
                0x020045fc                __sread
 .text.__swrite
                0x02004630       0x4c C:/devkitPro/devkitARM/bin/../lib/gcc/arm-none-eabi/13.1.0/../../../../arm-none-eabi/lib/thumb\libg.a(libc_a-stdio.o)
                0x02004630                __swrite
 .text.__sseek  0x0200467c       0x44 C:/devkitPro/devkitARM/bin/../lib/gcc/arm-none-eabi/13.1.0/../../../../arm-none-eabi/lib/thumb\libg.a(libc_a-stdio.o)
                0x0200467c                __sseek
 .text.__sclose
                0x020046c0       0x10 C:/devkitPro/devkitARM/bin/../lib/gcc/arm-none-eabi/13.1.0/../../../../arm-none-eabi/lib/thumb\libg.a(libc_a-stdio.o)
                0x020046c0                __sclose
 .text._malloc_trim_r
                0x020046d0       0xac C:/devkitPro/devkitARM/bin/../lib/gcc/arm-none-eabi/13.1.0/../../../../arm-none-eabi/lib/thumb\libg.a(libc_a-freer.o)
                0x020046d0                _malloc_trim_r
 .text._free_r  0x0200477c      0x1d8 C:/devkitPro/devkitARM/bin/../lib/gcc/arm-none-eabi/13.1.0/../../../../arm-none-eabi/lib/thumb\libg.a(libc_a-freer.o)
                0x0200477c                _free_r
 .text._fseeko_r
                0x02004954      0x414 C:/devkitPro/devkitARM/bin/../lib/gcc/arm-none-eabi/13.1.0/../../../../arm-none-eabi/lib/thumb\libg.a(libc_a-fseeko.o)
                0x02004954                _fseeko_r
 .text.__sflags
                0x02004d68       0xa4 C:/devkitPro/devkitARM/bin/../lib/gcc/arm-none-eabi/13.1.0/../../../../arm-none-eabi/lib/thumb\libg.a(libc_a-flags.o)
                0x02004d68                __sflags
 .text._realloc_r
                0x02004e0c      0x384 C:/devkitPro/devkitARM/bin/../lib/gcc/arm-none-eabi/13.1.0/../../../../arm-none-eabi/lib/thumb\libg.a(libc_a-reallocr.o)
                0x02004e0c                _realloc_r
 .text.memmove  0x02005190       0xbc C:/devkitPro/devkitARM/bin/../lib/gcc/arm-none-eabi/13.1.0/../../../../arm-none-eabi/lib/thumb\libg.a(libc_a-memmove.o)
                0x02005190                memmove
 .text.build_argv
                0x0200524c       0x54 C:/devkitPro/devkitARM/bin/../lib/gcc/arm-none-eabi/13.1.0/../../../../arm-none-eabi/lib/thumb\libsysbase.a(libsysbase_libsysbase_a-build_argv.o)
                0x0200524c                build_argv
 .text._fstat_r
                0x020052a0       0x4c C:/devkitPro/devkitARM/bin/../lib/gcc/arm-none-eabi/13.1.0/../../../../arm-none-eabi/lib/thumb\libsysbase.a(libsysbase_libsysbase_a-fstat.o)
                0x020052a0                _fstat_r
 .text.__getreent
                0x020052ec       0x20 C:/devkitPro/devkitARM/bin/../lib/gcc/arm-none-eabi/13.1.0/../../../../arm-none-eabi/lib/thumb\libsysbase.a(libsysbase_libsysbase_a-getreent.o)
                0x020052ec                __getreent
 .text.__release_handle
                0x0200530c       0x68 C:/devkitPro/devkitARM/bin/../lib/gcc/arm-none-eabi/13.1.0/../../../../arm-none-eabi/lib/thumb\libsysbase.a(libsysbase_libsysbase_a-handle_manager.o)
                0x0200530c                __release_handle
 .text.__alloc_handle
                0x02005374       0x7c C:/devkitPro/devkitARM/bin/../lib/gcc/arm-none-eabi/13.1.0/../../../../arm-none-eabi/lib/thumb\libsysbase.a(libsysbase_libsysbase_a-handle_manager.o)
                0x02005374                __alloc_handle
 .text.__get_handle
                0x020053f0       0x34 C:/devkitPro/devkitARM/bin/../lib/gcc/arm-none-eabi/13.1.0/../../../../arm-none-eabi/lib/thumb\libsysbase.a(libsysbase_libsysbase_a-handle_manager.o)
                0x020053f0                __get_handle
 .text._close_r
                0x02005424       0xb8 C:/devkitPro/devkitARM/bin/../lib/gcc/arm-none-eabi/13.1.0/../../../../arm-none-eabi/lib/thumb\libsysbase.a(libsysbase_libsysbase_a-handle_manager.o)
                0x02005424                _close_r
 .text.null_write
                0x020054dc        0x4 C:/devkitPro/devkitARM/bin/../lib/gcc/arm-none-eabi/13.1.0/../../../../arm-none-eabi/lib/thumb\libsysbase.a(libsysbase_libsysbase_a-iosupport.o)
 .text.FindDevice
                0x020054e0       0x98 C:/devkitPro/devkitARM/bin/../lib/gcc/arm-none-eabi/13.1.0/../../../../arm-none-eabi/lib/thumb\libsysbase.a(libsysbase_libsysbase_a-iosupport.o)
                0x020054e0                FindDevice
 .text._isatty_r
                0x02005578        0x4 C:/devkitPro/devkitARM/bin/../lib/gcc/arm-none-eabi/13.1.0/../../../../arm-none-eabi/lib/thumb\libsysbase.a(libsysbase_libsysbase_a-isatty.o)
                0x02005578                _isatty_r
 .text._lseek_r
                0x0200557c       0x5c C:/devkitPro/devkitARM/bin/../lib/gcc/arm-none-eabi/13.1.0/../../../../arm-none-eabi/lib/thumb\libsysbase.a(libsysbase_libsysbase_a-lseek.o)
                0x0200557c                _lseek_r
 .text._open_r  0x020055d8       0x98 C:/devkitPro/devkitARM/bin/../lib/gcc/arm-none-eabi/13.1.0/../../../../arm-none-eabi/lib/thumb\libsysbase.a(libsysbase_libsysbase_a-open.o)
                0x020055d8                _open_r
 .text._read_r  0x02005670       0x50 C:/devkitPro/devkitARM/bin/../lib/gcc/arm-none-eabi/13.1.0/../../../../arm-none-eabi/lib/thumb\libsysbase.a(libsysbase_libsysbase_a-read.o)
                0x02005670                _read_r
 .text._sbrk_r  0x020056c0       0x54 C:/devkitPro/devkitARM/bin/../lib/gcc/arm-none-eabi/13.1.0/../../../../arm-none-eabi/lib/thumb\libsysbase.a(libsysbase_libsysbase_a-sbrk.o)
                0x020056c0                _sbrk_r
 .text.__libc_lock_acquire
                0x02005714       0x18 C:/devkitPro/devkitARM/bin/../lib/gcc/arm-none-eabi/13.1.0/../../../../arm-none-eabi/lib/thumb\libsysbase.a(libsysbase_libsysbase_a-syscall_support.o)
                0x02005714                __libc_lock_acquire
 .text.__libc_lock_release
                0x0200572c       0x18 C:/devkitPro/devkitARM/bin/../lib/gcc/arm-none-eabi/13.1.0/../../../../arm-none-eabi/lib/thumb\libsysbase.a(libsysbase_libsysbase_a-syscall_support.o)
                0x0200572c                __libc_lock_release
 .text.__libc_lock_acquire_recursive
                0x02005744       0x18 C:/devkitPro/devkitARM/bin/../lib/gcc/arm-none-eabi/13.1.0/../../../../arm-none-eabi/lib/thumb\libsysbase.a(libsysbase_libsysbase_a-syscall_support.o)
                0x02005744                __libc_lock_acquire_recursive
 .text.__libc_lock_release_recursive
                0x0200575c       0x18 C:/devkitPro/devkitARM/bin/../lib/gcc/arm-none-eabi/13.1.0/../../../../arm-none-eabi/lib/thumb\libsysbase.a(libsysbase_libsysbase_a-syscall_support.o)
                0x0200575c                __libc_lock_release_recursive
 .text._write_r
                0x02005774       0x50 C:/devkitPro/devkitARM/bin/../lib/gcc/arm-none-eabi/13.1.0/../../../../arm-none-eabi/lib/thumb\libsysbase.a(libsysbase_libsysbase_a-write.o)
                0x02005774                _write_r
 .text.strchr   0x020057c4       0xc8 C:/devkitPro/devkitARM/bin/../lib/gcc/arm-none-eabi/13.1.0/../../../../arm-none-eabi/lib/thumb\libg.a(libc_a-strchr.o)
                0x020057c4                strchr
 .text.strlen   0x0200588c       0x60 C:/devkitPro/devkitARM/bin/../lib/gcc/arm-none-eabi/13.1.0/../../../../arm-none-eabi/lib/thumb\libg.a(libc_a-strlen.o)
                0x0200588c                strlen
 .text.strncmp  0x020058ec       0x78 C:/devkitPro/devkitARM/bin/../lib/gcc/arm-none-eabi/13.1.0/../../../../arm-none-eabi/lib/thumb\libg.a(libc_a-strncmp.o)
                0x020058ec                strncmp
 *fill*         0x02005964        0x4 ff
 .text.strncmp.__stub
                0x02005968       0x48 linker stubs
 *(EXCLUDE_FILE(*.twl*) .gnu.warning)
 *(EXCLUDE_FILE(*.twl*) .gnu.linkonce.t*)
 *(.glue_7)
 .glue_7        0x020059b8        0x0 linker stubs
 *(.glue_7t)
 .glue_7t       0x020059b8        0x0 linker stubs
                0x020059b8                        . = ALIGN (0x4)

.vfp11_veneer   0x020059b8        0x0
 .vfp11_veneer  0x020059b8        0x0 linker stubs

.v4_bx          0x020059b8        0x0
 .v4_bx         0x020059b8        0x0 linker stubs

.iplt           0x020059b8        0x0
 .iplt          0x020059b8        0x0 C:/devkitPro/devkitARM/bin/../lib/gcc/arm-none-eabi/13.1.0/../../../../arm-none-eabi/lib/thumb/ds_arm9_crt0.o

.fini           0x020059b8        0xc
 *(.fini)
 .fini          0x020059b8        0x4 C:/devkitPro/devkitARM/bin/../lib/gcc/arm-none-eabi/13.1.0/thumb/crti.o
                0x020059b8                _fini
 .fini          0x020059bc        0x8 C:/devkitPro/devkitARM/bin/../lib/gcc/arm-none-eabi/13.1.0/thumb/crtn.o
                0x020059c4                        __text_end = .

.rodata         0x020059c4    0x2d9c8
 *(EXCLUDE_FILE(*.twl*) .rodata)
 .rodata        0x020059c4        0xc MaxModExample.o
 *all.rodata*(*)
 *(EXCLUDE_FILE(*.twl*) .roda)
 *(EXCLUDE_FILE(*.twl*) .rodata.*)
 .rodata.soundbank_bin
                0x020059d0    0x2d5e8 soundbank.bin.o
                0x020059d0                soundbank_bin
                0x02032fb8                soundbank_bin_end
 .rodata.glMaterialf
                0x02032fb8       0x44 C:/devkitPro/libnds/lib\libnds9.a(videoGL.o)
 .rodata.TAN_LUT
                0x02032ffc      0x204 C:/devkitPro/libnds/lib\libnds9.a(trig.o)
                0x02032ffc                TAN_LUT
 .rodata.AddDevice.str1.4
                0x02033200        0x8 C:/devkitPro/devkitARM/bin/../lib/gcc/arm-none-eabi/13.1.0/../../../../arm-none-eabi/lib/thumb\libsysbase.a(libsysbase_libsysbase_a-iosupport.o)
 .rodata.dotab_stdnull
                0x02033208       0x80 C:/devkitPro/devkitARM/bin/../lib/gcc/arm-none-eabi/13.1.0/../../../../arm-none-eabi/lib/thumb\libsysbase.a(libsysbase_libsysbase_a-iosupport.o)
                0x02033208                dotab_stdnull
 .rodata._ctype_
                0x02033288      0x101 C:/devkitPro/devkitARM/bin/../lib/gcc/arm-none-eabi/13.1.0/../../../../arm-none-eabi/lib/thumb\libg.a(libc_a-ctype_.o)
                0x02033288                _ctype_
 *(EXCLUDE_FILE(*.twl*) .gnu.linkonce.r*)
                0x0203338c                        . = ALIGN (0x4)
 *fill*         0x02033389        0x3 ff

.ARM.extab
 *(.ARM.extab* .gnu.linkonce.armextab.*)
                0x0203338c                        __exidx_start = .

ARM.exidx
 *(.ARM.exidx* .gnu.linkonce.armexidx.*)
                0x0203338c                        __exidx_end = .
                0x0203338c                        . = ALIGN (0x4)
                0x0203338c                        PROVIDE (__preinit_array_start = .)

.preinit_array
 *(.preinit_array)
                0x0203338c                        PROVIDE (__preinit_array_end = .)
                0x0203338c                        PROVIDE (__init_array_start = .)

.init_array     0x0203338c        0x4
 *(SORT_BY_NAME(.init_array.*))
 *(.init_array)
 .init_array    0x0203338c        0x4 C:/devkitPro/devkitARM/bin/../lib/gcc/arm-none-eabi/13.1.0/thumb/crtbegin.o
                0x02033390                        PROVIDE (__init_array_end = .)
                [!provide]                        PROVIDE (__fini_array_start = .)

.fini_array     0x02033390        0x4
 *(.fini_array)
 .fini_array    0x02033390        0x4 C:/devkitPro/devkitARM/bin/../lib/gcc/arm-none-eabi/13.1.0/thumb/crtbegin.o
 *(SORT_BY_NAME(.fini_array.*))
                [!provide]                        PROVIDE (__fini_array_end = .)

.ctors          0x02033394        0x0
 *crtbegin.o(.ctors)
 *(EXCLUDE_FILE(*crtend.o) .ctors)
 *(SORT_BY_NAME(.ctors.*))
 *(.ctors)
                0x02033394                        . = ALIGN (0x4)

.dtors          0x02033394        0x0
 *crtbegin.o(.dtors)
 *(EXCLUDE_FILE(*crtend.o) .dtors)
 *(SORT_BY_NAME(.dtors.*))
 *(.dtors)
                0x02033394                        . = ALIGN (0x4)

.eh_frame       0x02033394        0x4
 *(.eh_frame)
 .eh_frame      0x02033394        0x0 C:/devkitPro/devkitARM/bin/../lib/gcc/arm-none-eabi/13.1.0/thumb/crtbegin.o
 .eh_frame      0x02033394        0x4 C:/devkitPro/devkitARM/bin/../lib/gcc/arm-none-eabi/13.1.0/thumb/crtend.o
                0x02033398                        . = ALIGN (0x4)

.rel.dyn        0x02033398        0x0
 .rel.iplt      0x02033398        0x0 C:/devkitPro/devkitARM/bin/../lib/gcc/arm-none-eabi/13.1.0/../../../../arm-none-eabi/lib/thumb/ds_arm9_crt0.o

.gcc_except_table
                0x02033398        0x0
 *(.gcc_except_table)
                0x02033398                        . = ALIGN (0x4)

.jcr
 *(.jcr)

.got
 *(.got.plt)
 *(.got)
 *(.rel.got)

.ewram          0x02033398        0x0
                0x02033398                        __ewram_start = ABSOLUTE (.)
 *(.ewram)
 *ewram.*(.text)
                0x02033398                        . = ALIGN (0x4)

.data           0x02033398     0x1634
                0x02033398                        __data_start = ABSOLUTE (.)
 *(EXCLUDE_FILE(*.twl*) .data)
 .data          0x02033398       0x28 C:/devkitPro/libnds/lib\libnds9.a(mpu_setup.o)
 *(EXCLUDE_FILE(*.twl*) .data.*)
 .data.glGlob   0x020333c0        0x4 C:/devkitPro/libnds/lib\libnds9.a(videoGL.o)
 .data.count    0x020333c4        0x1 C:/devkitPro/libnds/lib\libnds9.a(keys.o)
 .data.delay    0x020333c5        0x1 C:/devkitPro/libnds/lib\libnds9.a(keys.o)
 .data.repeat   0x020333c6        0x1 C:/devkitPro/libnds/lib\libnds9.a(keys.o)
 *fill*         0x020333c7        0x1 ff
 .data.fifo_buffer_free
                0x020333c8        0x4 C:/devkitPro/libnds/lib\libnds9.a(fifosystem.o)
                0x020333c8                fifo_buffer_free
 .data.fifo_freewords
                0x020333cc        0x4 C:/devkitPro/libnds/lib\libnds9.a(fifosystem.o)
                0x020333cc                fifo_freewords
 .data.fifo_receive_queue
                0x020333d0        0x4 C:/devkitPro/libnds/lib\libnds9.a(fifosystem.o)
                0x020333d0                fifo_receive_queue
 .data.fifo_send_queue
                0x020333d4        0x4 C:/devkitPro/libnds/lib\libnds9.a(fifosystem.o)
                0x020333d4                fifo_send_queue
 .data.__malloc_sbrk_base
                0x020333d8        0x4 C:/devkitPro/devkitARM/bin/../lib/gcc/arm-none-eabi/13.1.0/../../../../arm-none-eabi/lib/thumb\libg.a(libc_a-mallocr.o)
                0x020333d8                __malloc_sbrk_base
 .data.__malloc_trim_threshold
                0x020333dc        0x4 C:/devkitPro/devkitARM/bin/../lib/gcc/arm-none-eabi/13.1.0/../../../../arm-none-eabi/lib/thumb\libg.a(libc_a-mallocr.o)
                0x020333dc                __malloc_trim_threshold
 .data.__malloc_av_
                0x020333e0      0x408 C:/devkitPro/devkitARM/bin/../lib/gcc/arm-none-eabi/13.1.0/../../../../arm-none-eabi/lib/thumb\libg.a(libc_a-mallocr.o)
                0x020333e0                __malloc_av_
 .data.__sglue  0x020337e8        0xc C:/devkitPro/devkitARM/bin/../lib/gcc/arm-none-eabi/13.1.0/../../../../arm-none-eabi/lib/thumb\libg.a(libc_a-findfp.o)
                0x020337e8                __sglue
 .data._impure_ptr
                0x020337f4        0x4 C:/devkitPro/devkitARM/bin/../lib/gcc/arm-none-eabi/13.1.0/../../../../arm-none-eabi/lib/thumb\libg.a(libc_a-impure.o)
                0x020337f4                _impure_ptr
 .data._impure_data
                0x020337f8      0x120 C:/devkitPro/devkitARM/bin/../lib/gcc/arm-none-eabi/13.1.0/../../../../arm-none-eabi/lib/thumb\libg.a(libc_a-impure.o)
                0x020337f8                _impure_data
 .data.handles  0x02033918     0x1000 C:/devkitPro/devkitARM/bin/../lib/gcc/arm-none-eabi/13.1.0/../../../../arm-none-eabi/lib/thumb\libsysbase.a(libsysbase_libsysbase_a-handle_manager.o)
 .data.__stderr_handle
                0x02034918        0xc C:/devkitPro/devkitARM/bin/../lib/gcc/arm-none-eabi/13.1.0/../../../../arm-none-eabi/lib/thumb\libsysbase.a(libsysbase_libsysbase_a-handle_manager.o)
 .data.__stdout_handle
                0x02034924        0xc C:/devkitPro/devkitARM/bin/../lib/gcc/arm-none-eabi/13.1.0/../../../../arm-none-eabi/lib/thumb\libsysbase.a(libsysbase_libsysbase_a-handle_manager.o)
 .data.__stdin_handle
                0x02034930        0xc C:/devkitPro/devkitARM/bin/../lib/gcc/arm-none-eabi/13.1.0/../../../../arm-none-eabi/lib/thumb\libsysbase.a(libsysbase_libsysbase_a-handle_manager.o)
 .data.devoptab_list
                0x0203493c       0x8c C:/devkitPro/devkitARM/bin/../lib/gcc/arm-none-eabi/13.1.0/../../../../arm-none-eabi/lib/thumb\libsysbase.a(libsysbase_libsysbase_a-iosupport.o)
                0x0203493c                devoptab_list
 .data.defaultDevice
                0x020349c8        0x4 C:/devkitPro/devkitARM/bin/../lib/gcc/arm-none-eabi/13.1.0/../../../../arm-none-eabi/lib/thumb\libsysbase.a(libsysbase_libsysbase_a-iosupport.o)
 *(EXCLUDE_FILE(*.twl*) .gnu.linkonce.d*)
                0x020349cc                        . = ALIGN (0x4)
                0x020349cc                        __data_end = ABSOLUTE (.)
                0x020349cc                        __bss_vma = .

.igot.plt       0x020349cc        0x0
 .igot.plt      0x020349cc        0x0 C:/devkitPro/devkitARM/bin/../lib/gcc/arm-none-eabi/13.1.0/../../../../arm-none-eabi/lib/thumb/ds_arm9_crt0.o

.dtcm           0x02ff0000        0x0 load address 0x020349cc
                0x020349cc                        __dtcm_lma = LOADADDR (.dtcm)
                0x02ff0000                        __dtcm_start = ABSOLUTE (.)
 *(.dtcm)
 *(.dtcm.*)
                0x02ff0000                        . = ALIGN (0x4)
                0x02ff0000                        __dtcm_end = ABSOLUTE (.)

.itcm           0x01000100      0x194 load address 0x020349cc
                0x020349cc                        __itcm_lma = LOADADDR (.itcm)
                0x01000100                        __itcm_start = ABSOLUTE (.)
 *(.itcm)
 .itcm          0x01000100       0xc8 C:/devkitPro/libnds/lib\libnds9.a(interrupts.o)
                0x01000100                irqTable
 .itcm          0x010001c8       0xcc C:/devkitPro/libnds/lib\libnds9.a(interruptDispatcher.o)
                0x010001c8                IntrMain
 *.itcm*(.text .stub .text.*)
                0x01000294                        . = ALIGN (0x4)
                0x01000294                        __itcm_end = ABSOLUTE (.)

.vectors        0x01000000        0x0 load address 0x02034b60
                0x02034b60                        __vectors_lma = LOADADDR (.vectors)
                0x01000000                        __vectors_start = ABSOLUTE (.)
 *(.vectors .vectors.*)
                0x01000000                        . = ALIGN (0x4)
                0x01000000                        __vectors_end = ABSOLUTE (.)

.sbss           0x02ff0000        0x0
                0x02ff0000                        __sbss_start = ABSOLUTE (.)
                0x02ff0000                        __sbss_start__ = ABSOLUTE (.)
 *(.sbss)
                0x02ff0000                        . = ALIGN (0x4)
                0x02ff0000                        __sbss_end = ABSOLUTE (.)

.bss            0x020349cc      0xd18
                0x020349cc                        __bss_start = ABSOLUTE (.)
                0x020349cc                        __bss_start__ = ABSOLUTE (.)
 *(EXCLUDE_FILE(*.twl*) .dynbss)
 *(EXCLUDE_FILE(*.twl*) .gnu.linkonce.b*)
 *(EXCLUDE_FILE(*.twl*) .bss*)
 .bss.completed.1
                0x020349cc        0x1 C:/devkitPro/devkitARM/bin/../lib/gcc/arm-none-eabi/13.1.0/thumb/crtbegin.o
 *fill*         0x020349cd        0x3 
 .bss.object.0  0x020349d0       0x18 C:/devkitPro/devkitARM/bin/../lib/gcc/arm-none-eabi/13.1.0/thumb/crtbegin.o
 .bss           0x020349e8       0x18 C:/devkitPro/libnds/lib\libmm9.a(mm_comms.o)
 .bss           0x02034a00       0x19 C:/devkitPro/libnds/lib\libmm9.a(mm_main9.o)
                0x02034a00                mmcbMemory
                0x02034a04                mmModuleCount
                0x02034a08                mmSampleCount
                0x02034a0c                mmMemoryBank
                0x02034a0c                mmModuleBank
                0x02034a10                mmSampleBank
                0x02034a14                mmCallback
                0x02034a18                mmActiveStatus
 *fill*         0x02034a19        0x3 
 .bss           0x02034a1c       0x44 C:/devkitPro/libnds/lib\libmm9.a(mm_soundbank.o)
 .bss.gCurrentTexture
                0x02034a60        0x4 C:/devkitPro/libnds/lib\libnds9.a(gl2d.o)
                0x02034a60                gCurrentTexture
 .bss.g_depth   0x02034a64        0x2 C:/devkitPro/libnds/lib\libnds9.a(gl2d.o)
 *fill*         0x02034a66        0x2 
 .bss.diffuse_ambient.1
                0x02034a68        0x4 C:/devkitPro/libnds/lib\libnds9.a(videoGL.o)
 .bss.glGlobalData
                0x02034a6c       0x54 C:/devkitPro/libnds/lib\libnds9.a(videoGL.o)
                0x02034a6c                glGlobalData
 .bss.specular_emission.0
                0x02034ac0        0x4 C:/devkitPro/libnds/lib\libnds9.a(videoGL.o)
 .bss.keys      0x02034ac4        0x2 C:/devkitPro/libnds/lib\libnds9.a(keys.o)
 .bss.keysold   0x02034ac6        0x2 C:/devkitPro/libnds/lib\libnds9.a(keys.o)
 .bss.keysrepeat
                0x02034ac8        0x2 C:/devkitPro/libnds/lib\libnds9.a(keys.o)
 .bss.__dsimode
                0x02034aca        0x1 C:/devkitPro/libnds/lib\libnds9.a(initSystem.o)
                0x02034aca                __dsimode
 *fill*         0x02034acb        0x1 
 .bss.punixTime
                0x02034acc        0x4 C:/devkitPro/libnds/lib\libnds9.a(initSystem.o)
                0x02034acc                punixTime
 .bss.fifo_address_data
                0x02034ad0       0x40 C:/devkitPro/libnds/lib\libnds9.a(fifosystem.o)
                0x02034ad0                fifo_address_data
 .bss.fifo_address_func
                0x02034b10       0x40 C:/devkitPro/libnds/lib\libnds9.a(fifosystem.o)
                0x02034b10                fifo_address_func
 .bss.fifo_address_queue
                0x02034b50       0x40 C:/devkitPro/libnds/lib\libnds9.a(fifosystem.o)
                0x02034b50                fifo_address_queue
 .bss.fifo_buffer
                0x02034b90      0x800 C:/devkitPro/libnds/lib\libnds9.a(fifosystem.o)
                0x02034b90                fifo_buffer
 .bss.fifo_data_queue
                0x02035390       0x40 C:/devkitPro/libnds/lib\libnds9.a(fifosystem.o)
                0x02035390                fifo_data_queue
 .bss.fifo_datamsg_data
                0x020353d0       0x40 C:/devkitPro/libnds/lib\libnds9.a(fifosystem.o)
                0x020353d0                fifo_datamsg_data
 .bss.fifo_datamsg_func
                0x02035410       0x40 C:/devkitPro/libnds/lib\libnds9.a(fifosystem.o)
                0x02035410                fifo_datamsg_func
 .bss.fifo_value32_data
                0x02035450       0x40 C:/devkitPro/libnds/lib\libnds9.a(fifosystem.o)
                0x02035450                fifo_value32_data
 .bss.fifo_value32_func
                0x02035490       0x40 C:/devkitPro/libnds/lib\libnds9.a(fifosystem.o)
                0x02035490                fifo_value32_func
 .bss.fifo_value32_queue
                0x020354d0       0x40 C:/devkitPro/libnds/lib\libnds9.a(fifosystem.o)
                0x020354d0                fifo_value32_queue
 .bss.processing
                0x02035510        0x4 C:/devkitPro/libnds/lib\libnds9.a(fifosystem.o)
                0x02035510                processing
 .bss.SDcallback
                0x02035514        0x4 C:/devkitPro/libnds/lib\libnds9.a(system.o)
 .bss.__malloc_current_mallinfo
                0x02035518       0x28 C:/devkitPro/devkitARM/bin/../lib/gcc/arm-none-eabi/13.1.0/../../../../arm-none-eabi/lib/thumb\libg.a(libc_a-mallocr.o)
                0x02035518                __malloc_current_mallinfo
 .bss.__malloc_max_total_mem
                0x02035540        0x4 C:/devkitPro/devkitARM/bin/../lib/gcc/arm-none-eabi/13.1.0/../../../../arm-none-eabi/lib/thumb\libg.a(libc_a-mallocr.o)
                0x02035540                __malloc_max_total_mem
 .bss.__malloc_max_sbrked_mem
                0x02035544        0x4 C:/devkitPro/devkitARM/bin/../lib/gcc/arm-none-eabi/13.1.0/../../../../arm-none-eabi/lib/thumb\libg.a(libc_a-mallocr.o)
                0x02035544                __malloc_max_sbrked_mem
 .bss.__malloc_top_pad
                0x02035548        0x4 C:/devkitPro/devkitARM/bin/../lib/gcc/arm-none-eabi/13.1.0/../../../../arm-none-eabi/lib/thumb\libg.a(libc_a-mallocr.o)
                0x02035548                __malloc_top_pad
 .bss.__malloc_recursive_mutex
                0x0203554c        0xc C:/devkitPro/devkitARM/bin/../lib/gcc/arm-none-eabi/13.1.0/../../../../arm-none-eabi/lib/thumb\libg.a(libc_a-mlock.o)
 .bss.__sfp_recursive_mutex
                0x02035558        0xc C:/devkitPro/devkitARM/bin/../lib/gcc/arm-none-eabi/13.1.0/../../../../arm-none-eabi/lib/thumb\libg.a(libc_a-findfp.o)
 *fill*         0x02035564        0x4 
 .bss.__sf      0x02035568      0x168 C:/devkitPro/devkitARM/bin/../lib/gcc/arm-none-eabi/13.1.0/../../../../arm-none-eabi/lib/thumb\libg.a(libc_a-findfp.o)
                0x02035568                __sf
 .bss.__stdio_exit_handler
                0x020356d0        0x4 C:/devkitPro/devkitARM/bin/../lib/gcc/arm-none-eabi/13.1.0/../../../../arm-none-eabi/lib/thumb\libg.a(libc_a-findfp.o)
                0x020356d0                __stdio_exit_handler
 .bss.__hndl_lock
                0x020356d4        0x4 C:/devkitPro/devkitARM/bin/../lib/gcc/arm-none-eabi/13.1.0/../../../../arm-none-eabi/lib/thumb\libsysbase.a(libsysbase_libsysbase_a-handle_manager.o)
 .bss.fake_heap_start
                0x020356d8        0x4 C:/devkitPro/devkitARM/bin/../lib/gcc/arm-none-eabi/13.1.0/../../../../arm-none-eabi/lib/thumb\libsysbase.a(libsysbase_libsysbase_a-malloc_vars.o)
                0x020356d8                fake_heap_start
 .bss.fake_heap_end
                0x020356dc        0x4 C:/devkitPro/devkitARM/bin/../lib/gcc/arm-none-eabi/13.1.0/../../../../arm-none-eabi/lib/thumb\libsysbase.a(libsysbase_libsysbase_a-malloc_vars.o)
                0x020356dc                fake_heap_end
 .bss.heap_start.0
                0x020356e0        0x4 C:/devkitPro/devkitARM/bin/../lib/gcc/arm-none-eabi/13.1.0/../../../../arm-none-eabi/lib/thumb\libsysbase.a(libsysbase_libsysbase_a-sbrk.o)
 *(EXCLUDE_FILE(*.twl*) COMMON)
                0x020356e4                        . = ALIGN (0x4)
                0x020356e4                        __bss_end__ = ABSOLUTE (.)
                0x020356e4                        __end__ = ABSOLUTE (.)

.twl            0x020356e4        0x0 load address 0x02400000
                0x02400000                        __arm9i_lma__ = LOADADDR (.twl)
                0x020356e4                        __arm9i_start__ = ABSOLUTE (.)
 *(.twl)
 *.twl*(.text .stub .text.* .gnu.linkonce.t.*)
 *.twl*(.rodata)
 *.twl*(.roda)
 *.twl*(.rodata.*)
 *.twl*(.data)
 *.twl*(.data.*)
 *.twl*(.gnu.linkonce.d*)
                0x020356e4                        __arm9i_end__ = ABSOLUTE (.)

.twl_bss        0x020356e4        0x0
                0x020356e4                        __twl_bss_start__ = ABSOLUTE (.)
 *(.twl_bss)
 *.twl*(.dynbss)
 *.twl*(.gnu.linkonce.b*)
 *.twl*(.bss*)
 *.twl*(COMMON)
                0x020356e4                        . = ALIGN (0x4)
                0x020356e4                        __twl_bss_end__ = ABSOLUTE (.)
                0x020356e4                        __twl_end__ = ABSOLUTE (.)

.stab
 *(.stab)

.stabstr
 *(.stabstr)

.stab.excl
 *(.stab.excl)

.stab.exclstr
 *(.stab.exclstr)

.stab.index
 *(.stab.index)

.stab.indexstr
 *(.stab.indexstr)

.comment        0x00000000       0x46
 *(.comment)
 .comment       0x00000000       0x23 C:/devkitPro/devkitARM/bin/../lib/gcc/arm-none-eabi/13.1.0/thumb/crtbegin.o
                                 0x24 (size before relaxing)
 .comment       0x00000023       0x24 MaxModExample.o
 .comment       0x00000023       0x23 C:/devkitPro/libnds/lib\libnds9.a(gl2d.o)
                                 0x24 (size before relaxing)
 .comment       0x00000046       0x24 C:/devkitPro/libnds/lib\libnds9.a(videoGL.o)
 .comment       0x00000046       0x24 C:/devkitPro/libnds/lib\libnds9.a(keys.o)
 .comment       0x00000046       0x24 C:/devkitPro/libnds/lib\libnds9.a(initSystem.o)
 .comment       0x00000046       0x24 C:/devkitPro/libnds/lib\libnds9.a(securearea.o)
 .comment       0x00000046       0x24 C:/devkitPro/libnds/lib\libnds9.a(interrupts.o)
 .comment       0x00000046       0x24 C:/devkitPro/libnds/lib\libnds9.a(libnds_exit.arm.o)
 .comment       0x00000046       0x24 C:/devkitPro/libnds/lib\libnds9.a(fifosystem.o)
 .comment       0x00000046       0x24 C:/devkitPro/libnds/lib\libnds9.a(dynamicArray.o)
 .comment       0x00000046       0x24 C:/devkitPro/libnds/lib\libnds9.a(trig.o)
 .comment       0x00000046       0x24 C:/devkitPro/libnds/lib\libnds9.a(video.o)
 .comment       0x00000046       0x24 C:/devkitPro/libnds/lib\libnds9.a(system.o)
 .comment       0x00000046       0x24 C:/devkitPro/devkitARM/bin/../lib/gcc/arm-none-eabi/13.1.0/thumb\libgcc.a(_muldi3.o)
 .comment       0x00000046       0x24 C:/devkitPro/devkitARM/bin/../lib/gcc/arm-none-eabi/13.1.0/../../../../arm-none-eabi/lib/thumb\libg.a(libc_a-calloc.o)
 .comment       0x00000046       0x24 C:/devkitPro/devkitARM/bin/../lib/gcc/arm-none-eabi/13.1.0/../../../../arm-none-eabi/lib/thumb\libg.a(libc_a-callocr.o)
 .comment       0x00000046       0x24 C:/devkitPro/devkitARM/bin/../lib/gcc/arm-none-eabi/13.1.0/../../../../arm-none-eabi/lib/thumb\libg.a(libc_a-fclose.o)
 .comment       0x00000046       0x24 C:/devkitPro/devkitARM/bin/../lib/gcc/arm-none-eabi/13.1.0/../../../../arm-none-eabi/lib/thumb\libg.a(libc_a-malloc.o)
 .comment       0x00000046       0x24 C:/devkitPro/devkitARM/bin/../lib/gcc/arm-none-eabi/13.1.0/../../../../arm-none-eabi/lib/thumb\libg.a(libc_a-mallocr.o)
 .comment       0x00000046       0x24 C:/devkitPro/devkitARM/bin/../lib/gcc/arm-none-eabi/13.1.0/../../../../arm-none-eabi/lib/thumb\libg.a(libc_a-memset.o)
 .comment       0x00000046       0x24 C:/devkitPro/devkitARM/bin/../lib/gcc/arm-none-eabi/13.1.0/../../../../arm-none-eabi/lib/thumb\libg.a(libc_a-mlock.o)
 .comment       0x00000046       0x24 C:/devkitPro/devkitARM/bin/../lib/gcc/arm-none-eabi/13.1.0/../../../../arm-none-eabi/lib/thumb\libg.a(libc_a-fopen.o)
 .comment       0x00000046       0x24 C:/devkitPro/devkitARM/bin/../lib/gcc/arm-none-eabi/13.1.0/../../../../arm-none-eabi/lib/thumb\libg.a(libc_a-fflush.o)
 .comment       0x00000046       0x24 C:/devkitPro/devkitARM/bin/../lib/gcc/arm-none-eabi/13.1.0/../../../../arm-none-eabi/lib/thumb\libg.a(libc_a-fwalk.o)
 .comment       0x00000046       0x24 C:/devkitPro/devkitARM/bin/../lib/gcc/arm-none-eabi/13.1.0/../../../../arm-none-eabi/lib/thumb\libg.a(libc_a-fread.o)
 .comment       0x00000046       0x24 C:/devkitPro/devkitARM/bin/../lib/gcc/arm-none-eabi/13.1.0/../../../../arm-none-eabi/lib/thumb\libg.a(libc_a-findfp.o)
 .comment       0x00000046       0x24 C:/devkitPro/devkitARM/bin/../lib/gcc/arm-none-eabi/13.1.0/../../../../arm-none-eabi/lib/thumb\libg.a(libc_a-fseek.o)
 .comment       0x00000046       0x24 C:/devkitPro/devkitARM/bin/../lib/gcc/arm-none-eabi/13.1.0/../../../../arm-none-eabi/lib/thumb\libg.a(libc_a-realloc.o)
 .comment       0x00000046       0x24 C:/devkitPro/devkitARM/bin/../lib/gcc/arm-none-eabi/13.1.0/../../../../arm-none-eabi/lib/thumb\libg.a(libc_a-memcpy-stub.o)
 .comment       0x00000046       0x24 C:/devkitPro/devkitARM/bin/../lib/gcc/arm-none-eabi/13.1.0/../../../../arm-none-eabi/lib/thumb\libg.a(libc_a-impure.o)
 .comment       0x00000046       0x24 C:/devkitPro/devkitARM/bin/../lib/gcc/arm-none-eabi/13.1.0/../../../../arm-none-eabi/lib/thumb\libg.a(libc_a-init.o)
 .comment       0x00000046       0x24 C:/devkitPro/devkitARM/bin/../lib/gcc/arm-none-eabi/13.1.0/../../../../arm-none-eabi/lib/thumb\libg.a(libc_a-errno.o)
 .comment       0x00000046       0x24 C:/devkitPro/devkitARM/bin/../lib/gcc/arm-none-eabi/13.1.0/../../../../arm-none-eabi/lib/thumb\libg.a(libc_a-makebuf.o)
 .comment       0x00000046       0x24 C:/devkitPro/devkitARM/bin/../lib/gcc/arm-none-eabi/13.1.0/../../../../arm-none-eabi/lib/thumb\libg.a(libc_a-refill.o)
 .comment       0x00000046       0x24 C:/devkitPro/devkitARM/bin/../lib/gcc/arm-none-eabi/13.1.0/../../../../arm-none-eabi/lib/thumb\libg.a(libc_a-stdio.o)
 .comment       0x00000046       0x24 C:/devkitPro/devkitARM/bin/../lib/gcc/arm-none-eabi/13.1.0/../../../../arm-none-eabi/lib/thumb\libg.a(libc_a-freer.o)
 .comment       0x00000046       0x24 C:/devkitPro/devkitARM/bin/../lib/gcc/arm-none-eabi/13.1.0/../../../../arm-none-eabi/lib/thumb\libg.a(libc_a-fseeko.o)
 .comment       0x00000046       0x24 C:/devkitPro/devkitARM/bin/../lib/gcc/arm-none-eabi/13.1.0/../../../../arm-none-eabi/lib/thumb\libg.a(libc_a-flags.o)
 .comment       0x00000046       0x24 C:/devkitPro/devkitARM/bin/../lib/gcc/arm-none-eabi/13.1.0/../../../../arm-none-eabi/lib/thumb\libg.a(libc_a-reallocr.o)
 .comment       0x00000046       0x24 C:/devkitPro/devkitARM/bin/../lib/gcc/arm-none-eabi/13.1.0/../../../../arm-none-eabi/lib/thumb\libg.a(libc_a-memmove.o)
 .comment       0x00000046       0x24 C:/devkitPro/devkitARM/bin/../lib/gcc/arm-none-eabi/13.1.0/../../../../arm-none-eabi/lib/thumb\libsysbase.a(libsysbase_libsysbase_a-build_argv.o)
 .comment       0x00000046       0x24 C:/devkitPro/devkitARM/bin/../lib/gcc/arm-none-eabi/13.1.0/../../../../arm-none-eabi/lib/thumb\libsysbase.a(libsysbase_libsysbase_a-fstat.o)
 .comment       0x00000046       0x24 C:/devkitPro/devkitARM/bin/../lib/gcc/arm-none-eabi/13.1.0/../../../../arm-none-eabi/lib/thumb\libsysbase.a(libsysbase_libsysbase_a-getreent.o)
 .comment       0x00000046       0x24 C:/devkitPro/devkitARM/bin/../lib/gcc/arm-none-eabi/13.1.0/../../../../arm-none-eabi/lib/thumb\libsysbase.a(libsysbase_libsysbase_a-handle_manager.o)
 .comment       0x00000046       0x24 C:/devkitPro/devkitARM/bin/../lib/gcc/arm-none-eabi/13.1.0/../../../../arm-none-eabi/lib/thumb\libsysbase.a(libsysbase_libsysbase_a-iosupport.o)
 .comment       0x00000046       0x24 C:/devkitPro/devkitARM/bin/../lib/gcc/arm-none-eabi/13.1.0/../../../../arm-none-eabi/lib/thumb\libsysbase.a(libsysbase_libsysbase_a-isatty.o)
 .comment       0x00000046       0x24 C:/devkitPro/devkitARM/bin/../lib/gcc/arm-none-eabi/13.1.0/../../../../arm-none-eabi/lib/thumb\libsysbase.a(libsysbase_libsysbase_a-lseek.o)
 .comment       0x00000046       0x24 C:/devkitPro/devkitARM/bin/../lib/gcc/arm-none-eabi/13.1.0/../../../../arm-none-eabi/lib/thumb\libsysbase.a(libsysbase_libsysbase_a-malloc_vars.o)
 .comment       0x00000046       0x24 C:/devkitPro/devkitARM/bin/../lib/gcc/arm-none-eabi/13.1.0/../../../../arm-none-eabi/lib/thumb\libsysbase.a(libsysbase_libsysbase_a-open.o)
 .comment       0x00000046       0x24 C:/devkitPro/devkitARM/bin/../lib/gcc/arm-none-eabi/13.1.0/../../../../arm-none-eabi/lib/thumb\libsysbase.a(libsysbase_libsysbase_a-read.o)
 .comment       0x00000046       0x24 C:/devkitPro/devkitARM/bin/../lib/gcc/arm-none-eabi/13.1.0/../../../../arm-none-eabi/lib/thumb\libsysbase.a(libsysbase_libsysbase_a-sbrk.o)
 .comment       0x00000046       0x24 C:/devkitPro/devkitARM/bin/../lib/gcc/arm-none-eabi/13.1.0/../../../../arm-none-eabi/lib/thumb\libsysbase.a(libsysbase_libsysbase_a-syscall_support.o)
 .comment       0x00000046       0x24 C:/devkitPro/devkitARM/bin/../lib/gcc/arm-none-eabi/13.1.0/../../../../arm-none-eabi/lib/thumb\libsysbase.a(libsysbase_libsysbase_a-write.o)
 .comment       0x00000046       0x24 C:/devkitPro/devkitARM/bin/../lib/gcc/arm-none-eabi/13.1.0/../../../../arm-none-eabi/lib/thumb\libg.a(libc_a-ctype_.o)
 .comment       0x00000046       0x24 C:/devkitPro/devkitARM/bin/../lib/gcc/arm-none-eabi/13.1.0/../../../../arm-none-eabi/lib/thumb\libg.a(libc_a-strchr.o)
 .comment       0x00000046       0x24 C:/devkitPro/devkitARM/bin/../lib/gcc/arm-none-eabi/13.1.0/../../../../arm-none-eabi/lib/thumb\libg.a(libc_a-strlen.o)
 .comment       0x00000046       0x24 C:/devkitPro/devkitARM/bin/../lib/gcc/arm-none-eabi/13.1.0/../../../../arm-none-eabi/lib/thumb\libg.a(libc_a-strncmp.o)
 .comment       0x00000046       0x24 C:/devkitPro/devkitARM/bin/../lib/gcc/arm-none-eabi/13.1.0/thumb/crtend.o

.ARM.attributes
                0x00000000       0x2d
 .ARM.attributes
                0x00000000       0x21 C:/devkitPro/devkitARM/bin/../lib/gcc/arm-none-eabi/13.1.0/../../../../arm-none-eabi/lib/thumb/ds_arm9_crt0.o
 .ARM.attributes
                0x00000021       0x1c C:/devkitPro/devkitARM/bin/../lib/gcc/arm-none-eabi/13.1.0/thumb/crti.o
 .ARM.attributes
                0x0000003d       0x2a C:/devkitPro/devkitARM/bin/../lib/gcc/arm-none-eabi/13.1.0/thumb/crtbegin.o
 .ARM.attributes
                0x00000067       0x1a soundbank.bin.o
 .ARM.attributes
                0x00000081       0x27 MaxModExample.o
 .ARM.attributes
                0x000000a8       0x1b C:/devkitPro/libnds/lib\libmm9.a(mm_comms.o)
 .ARM.attributes
                0x000000c3       0x1b C:/devkitPro/libnds/lib\libmm9.a(mm_memory.o)
 .ARM.attributes
                0x000000de       0x1b C:/devkitPro/libnds/lib\libmm9.a(mm_main9.o)
 .ARM.attributes
                0x000000f9       0x1b C:/devkitPro/libnds/lib\libmm9.a(mm_soundbank.o)
 .ARM.attributes
                0x00000114       0x1b C:/devkitPro/libnds/lib\libmm9.a(mm_flusher.o)
 .ARM.attributes
                0x0000012f       0x2b C:/devkitPro/libnds/lib\libnds9.a(gl2d.o)
 .ARM.attributes
                0x0000015a       0x2b C:/devkitPro/libnds/lib\libnds9.a(videoGL.o)
 .ARM.attributes
                0x00000185       0x2b C:/devkitPro/libnds/lib\libnds9.a(keys.o)
 .ARM.attributes
                0x000001b0       0x2b C:/devkitPro/libnds/lib\libnds9.a(initSystem.o)
 .ARM.attributes
                0x000001db       0x2b C:/devkitPro/libnds/lib\libnds9.a(securearea.o)
 .ARM.attributes
                0x00000206       0x2b C:/devkitPro/libnds/lib\libnds9.a(interrupts.o)
 .ARM.attributes
                0x00000231       0x2b C:/devkitPro/libnds/lib\libnds9.a(libnds_exit.arm.o)
 .ARM.attributes
                0x0000025c       0x2b C:/devkitPro/libnds/lib\libnds9.a(fifosystem.o)
 .ARM.attributes
                0x00000287       0x21 C:/devkitPro/libnds/lib\libnds9.a(mpu_setup.o)
 .ARM.attributes
                0x000002a8       0x21 C:/devkitPro/libnds/lib\libnds9.a(IntrWait.o)
 .ARM.attributes
                0x000002c9       0x21 C:/devkitPro/libnds/lib\libnds9.a(cpu_clock.o)
 .ARM.attributes
                0x000002ea       0x1b C:/devkitPro/libnds/lib\libnds9.a(interruptDispatcher.o)
 .ARM.attributes
                0x00000305       0x1b C:/devkitPro/libnds/lib\libnds9.a(biosCalls.o)
 .ARM.attributes
                0x00000320       0x21 C:/devkitPro/libnds/lib\libnds9.a(swiSoftReset.o)
 .ARM.attributes
                0x00000341       0x2b C:/devkitPro/libnds/lib\libnds9.a(dynamicArray.o)
 .ARM.attributes
                0x0000036c       0x2b C:/devkitPro/libnds/lib\libnds9.a(trig.o)
 .ARM.attributes
                0x00000397       0x2b C:/devkitPro/libnds/lib\libnds9.a(video.o)
 .ARM.attributes
                0x000003c2       0x2b C:/devkitPro/libnds/lib\libnds9.a(system.o)
 .ARM.attributes
                0x000003ed       0x1c C:/devkitPro/devkitARM/bin/../lib/gcc/arm-none-eabi/13.1.0/thumb\libgcc.a(_dvmd_tls.o)
 .ARM.attributes
                0x00000409       0x2a C:/devkitPro/devkitARM/bin/../lib/gcc/arm-none-eabi/13.1.0/thumb\libgcc.a(_muldi3.o)
 .ARM.attributes
                0x00000433       0x2a C:/devkitPro/devkitARM/bin/../lib/gcc/arm-none-eabi/13.1.0/../../../../arm-none-eabi/lib/thumb\libg.a(libc_a-calloc.o)
 .ARM.attributes
                0x0000045d       0x2a C:/devkitPro/devkitARM/bin/../lib/gcc/arm-none-eabi/13.1.0/../../../../arm-none-eabi/lib/thumb\libg.a(libc_a-callocr.o)
 .ARM.attributes
                0x00000487       0x2a C:/devkitPro/devkitARM/bin/../lib/gcc/arm-none-eabi/13.1.0/../../../../arm-none-eabi/lib/thumb\libg.a(libc_a-fclose.o)
 .ARM.attributes
                0x000004b1       0x2a C:/devkitPro/devkitARM/bin/../lib/gcc/arm-none-eabi/13.1.0/../../../../arm-none-eabi/lib/thumb\libg.a(libc_a-malloc.o)
 .ARM.attributes
                0x000004db       0x2a C:/devkitPro/devkitARM/bin/../lib/gcc/arm-none-eabi/13.1.0/../../../../arm-none-eabi/lib/thumb\libg.a(libc_a-mallocr.o)
 .ARM.attributes
                0x00000505       0x2a C:/devkitPro/devkitARM/bin/../lib/gcc/arm-none-eabi/13.1.0/../../../../arm-none-eabi/lib/thumb\libg.a(libc_a-memset.o)
 .ARM.attributes
                0x0000052f       0x2a C:/devkitPro/devkitARM/bin/../lib/gcc/arm-none-eabi/13.1.0/../../../../arm-none-eabi/lib/thumb\libg.a(libc_a-mlock.o)
 .ARM.attributes
                0x00000559       0x2a C:/devkitPro/devkitARM/bin/../lib/gcc/arm-none-eabi/13.1.0/../../../../arm-none-eabi/lib/thumb\libg.a(libc_a-fopen.o)
 .ARM.attributes
                0x00000583       0x2a C:/devkitPro/devkitARM/bin/../lib/gcc/arm-none-eabi/13.1.0/../../../../arm-none-eabi/lib/thumb\libg.a(libc_a-fflush.o)
 .ARM.attributes
                0x000005ad       0x2a C:/devkitPro/devkitARM/bin/../lib/gcc/arm-none-eabi/13.1.0/../../../../arm-none-eabi/lib/thumb\libg.a(libc_a-fwalk.o)
 .ARM.attributes
                0x000005d7       0x2a C:/devkitPro/devkitARM/bin/../lib/gcc/arm-none-eabi/13.1.0/../../../../arm-none-eabi/lib/thumb\libg.a(libc_a-fread.o)
 .ARM.attributes
                0x00000601       0x2a C:/devkitPro/devkitARM/bin/../lib/gcc/arm-none-eabi/13.1.0/../../../../arm-none-eabi/lib/thumb\libg.a(libc_a-findfp.o)
 .ARM.attributes
                0x0000062b       0x2a C:/devkitPro/devkitARM/bin/../lib/gcc/arm-none-eabi/13.1.0/../../../../arm-none-eabi/lib/thumb\libg.a(libc_a-fseek.o)
 .ARM.attributes
                0x00000655       0x2a C:/devkitPro/devkitARM/bin/../lib/gcc/arm-none-eabi/13.1.0/../../../../arm-none-eabi/lib/thumb\libg.a(libc_a-realloc.o)
 .ARM.attributes
                0x0000067f       0x2a C:/devkitPro/devkitARM/bin/../lib/gcc/arm-none-eabi/13.1.0/../../../../arm-none-eabi/lib/thumb\libg.a(libc_a-memcpy-stub.o)
 .ARM.attributes
                0x000006a9       0x2a C:/devkitPro/devkitARM/bin/../lib/gcc/arm-none-eabi/13.1.0/../../../../arm-none-eabi/lib/thumb\libg.a(libc_a-impure.o)
 .ARM.attributes
                0x000006d3       0x2a C:/devkitPro/devkitARM/bin/../lib/gcc/arm-none-eabi/13.1.0/../../../../arm-none-eabi/lib/thumb\libg.a(libc_a-init.o)
 .ARM.attributes
                0x000006fd       0x2a C:/devkitPro/devkitARM/bin/../lib/gcc/arm-none-eabi/13.1.0/../../../../arm-none-eabi/lib/thumb\libg.a(libc_a-errno.o)
 .ARM.attributes
                0x00000727       0x2a C:/devkitPro/devkitARM/bin/../lib/gcc/arm-none-eabi/13.1.0/../../../../arm-none-eabi/lib/thumb\libg.a(libc_a-makebuf.o)
 .ARM.attributes
                0x00000751       0x2a C:/devkitPro/devkitARM/bin/../lib/gcc/arm-none-eabi/13.1.0/../../../../arm-none-eabi/lib/thumb\libg.a(libc_a-refill.o)
 .ARM.attributes
                0x0000077b       0x2a C:/devkitPro/devkitARM/bin/../lib/gcc/arm-none-eabi/13.1.0/../../../../arm-none-eabi/lib/thumb\libg.a(libc_a-stdio.o)
 .ARM.attributes
                0x000007a5       0x2a C:/devkitPro/devkitARM/bin/../lib/gcc/arm-none-eabi/13.1.0/../../../../arm-none-eabi/lib/thumb\libg.a(libc_a-freer.o)
 .ARM.attributes
                0x000007cf       0x2a C:/devkitPro/devkitARM/bin/../lib/gcc/arm-none-eabi/13.1.0/../../../../arm-none-eabi/lib/thumb\libg.a(libc_a-fseeko.o)
 .ARM.attributes
                0x000007f9       0x2a C:/devkitPro/devkitARM/bin/../lib/gcc/arm-none-eabi/13.1.0/../../../../arm-none-eabi/lib/thumb\libg.a(libc_a-flags.o)
 .ARM.attributes
                0x00000823       0x2a C:/devkitPro/devkitARM/bin/../lib/gcc/arm-none-eabi/13.1.0/../../../../arm-none-eabi/lib/thumb\libg.a(libc_a-reallocr.o)
 .ARM.attributes
                0x0000084d       0x2a C:/devkitPro/devkitARM/bin/../lib/gcc/arm-none-eabi/13.1.0/../../../../arm-none-eabi/lib/thumb\libg.a(libc_a-memmove.o)
 .ARM.attributes
                0x00000877       0x2a C:/devkitPro/devkitARM/bin/../lib/gcc/arm-none-eabi/13.1.0/../../../../arm-none-eabi/lib/thumb\libsysbase.a(libsysbase_libsysbase_a-build_argv.o)
 .ARM.attributes
                0x000008a1       0x2a C:/devkitPro/devkitARM/bin/../lib/gcc/arm-none-eabi/13.1.0/../../../../arm-none-eabi/lib/thumb\libsysbase.a(libsysbase_libsysbase_a-fstat.o)
 .ARM.attributes
                0x000008cb       0x2a C:/devkitPro/devkitARM/bin/../lib/gcc/arm-none-eabi/13.1.0/../../../../arm-none-eabi/lib/thumb\libsysbase.a(libsysbase_libsysbase_a-getreent.o)
 .ARM.attributes
                0x000008f5       0x2a C:/devkitPro/devkitARM/bin/../lib/gcc/arm-none-eabi/13.1.0/../../../../arm-none-eabi/lib/thumb\libsysbase.a(libsysbase_libsysbase_a-handle_manager.o)
 .ARM.attributes
                0x0000091f       0x2a C:/devkitPro/devkitARM/bin/../lib/gcc/arm-none-eabi/13.1.0/../../../../arm-none-eabi/lib/thumb\libsysbase.a(libsysbase_libsysbase_a-iosupport.o)
 .ARM.attributes
                0x00000949       0x2a C:/devkitPro/devkitARM/bin/../lib/gcc/arm-none-eabi/13.1.0/../../../../arm-none-eabi/lib/thumb\libsysbase.a(libsysbase_libsysbase_a-isatty.o)
 .ARM.attributes
                0x00000973       0x2a C:/devkitPro/devkitARM/bin/../lib/gcc/arm-none-eabi/13.1.0/../../../../arm-none-eabi/lib/thumb\libsysbase.a(libsysbase_libsysbase_a-lseek.o)
 .ARM.attributes
                0x0000099d       0x2a C:/devkitPro/devkitARM/bin/../lib/gcc/arm-none-eabi/13.1.0/../../../../arm-none-eabi/lib/thumb\libsysbase.a(libsysbase_libsysbase_a-malloc_vars.o)
 .ARM.attributes
                0x000009c7       0x2a C:/devkitPro/devkitARM/bin/../lib/gcc/arm-none-eabi/13.1.0/../../../../arm-none-eabi/lib/thumb\libsysbase.a(libsysbase_libsysbase_a-open.o)
 .ARM.attributes
                0x000009f1       0x2a C:/devkitPro/devkitARM/bin/../lib/gcc/arm-none-eabi/13.1.0/../../../../arm-none-eabi/lib/thumb\libsysbase.a(libsysbase_libsysbase_a-read.o)
 .ARM.attributes
                0x00000a1b       0x2a C:/devkitPro/devkitARM/bin/../lib/gcc/arm-none-eabi/13.1.0/../../../../arm-none-eabi/lib/thumb\libsysbase.a(libsysbase_libsysbase_a-sbrk.o)
 .ARM.attributes
                0x00000a45       0x2a C:/devkitPro/devkitARM/bin/../lib/gcc/arm-none-eabi/13.1.0/../../../../arm-none-eabi/lib/thumb\libsysbase.a(libsysbase_libsysbase_a-syscall_support.o)
 .ARM.attributes
                0x00000a6f       0x2a C:/devkitPro/devkitARM/bin/../lib/gcc/arm-none-eabi/13.1.0/../../../../arm-none-eabi/lib/thumb\libsysbase.a(libsysbase_libsysbase_a-write.o)
 .ARM.attributes
                0x00000a99       0x1c C:/devkitPro/devkitARM/bin/../lib/gcc/arm-none-eabi/13.1.0/thumb\libgcc.a(_udivsi3.o)
 .ARM.attributes
                0x00000ab5       0x2a C:/devkitPro/devkitARM/bin/../lib/gcc/arm-none-eabi/13.1.0/../../../../arm-none-eabi/lib/thumb\libg.a(libc_a-ctype_.o)
 .ARM.attributes
                0x00000adf       0x2a C:/devkitPro/devkitARM/bin/../lib/gcc/arm-none-eabi/13.1.0/../../../../arm-none-eabi/lib/thumb\libg.a(libc_a-strchr.o)
 .ARM.attributes
                0x00000b09       0x2a C:/devkitPro/devkitARM/bin/../lib/gcc/arm-none-eabi/13.1.0/../../../../arm-none-eabi/lib/thumb\libg.a(libc_a-strlen.o)
 .ARM.attributes
                0x00000b33       0x2a C:/devkitPro/devkitARM/bin/../lib/gcc/arm-none-eabi/13.1.0/../../../../arm-none-eabi/lib/thumb\libg.a(libc_a-strncmp.o)
 .ARM.attributes
                0x00000b5d       0x2a C:/devkitPro/devkitARM/bin/../lib/gcc/arm-none-eabi/13.1.0/thumb/crtend.o
 .ARM.attributes
                0x00000b87       0x1c C:/devkitPro/devkitARM/bin/../lib/gcc/arm-none-eabi/13.1.0/thumb/crtn.o

.debug
 *(.debug)

.line
 *(.line)

.debug_srcinfo
 *(.debug_srcinfo)

.debug_sfnames
 *(.debug_sfnames)

.debug_aranges  0x00000000      0x6b0
 *(.debug_aranges)
 .debug_aranges
                0x00000000       0x20 MaxModExample.o
 .debug_aranges
                0x00000020       0xc8 C:/devkitPro/libnds/lib\libnds9.a(gl2d.o)
 .debug_aranges
                0x000000e8      0x140 C:/devkitPro/libnds/lib\libnds9.a(videoGL.o)
 .debug_aranges
                0x00000228       0x50 C:/devkitPro/libnds/lib\libnds9.a(keys.o)
 .debug_aranges
                0x00000278       0x30 C:/devkitPro/libnds/lib\libnds9.a(initSystem.o)
 .debug_aranges
                0x000002a8       0x18 C:/devkitPro/libnds/lib\libnds9.a(securearea.o)
 .debug_aranges
                0x000002c0       0x50 C:/devkitPro/libnds/lib\libnds9.a(interrupts.o)
 .debug_aranges
                0x00000310       0x28 C:/devkitPro/libnds/lib\libnds9.a(libnds_exit.arm.o)
 .debug_aranges
                0x00000338       0xb0 C:/devkitPro/libnds/lib\libnds9.a(fifosystem.o)
 .debug_aranges
                0x000003e8       0x30 C:/devkitPro/libnds/lib\libnds9.a(mpu_setup.o)
 .debug_aranges
                0x00000418       0x28 C:/devkitPro/libnds/lib\libnds9.a(IntrWait.o)
 .debug_aranges
                0x00000440       0x20 C:/devkitPro/libnds/lib\libnds9.a(cpu_clock.o)
 .debug_aranges
                0x00000460       0x20 C:/devkitPro/libnds/lib\libnds9.a(interruptDispatcher.o)
 .debug_aranges
                0x00000480       0xc8 C:/devkitPro/libnds/lib\libnds9.a(biosCalls.o)
 .debug_aranges
                0x00000548       0x20 C:/devkitPro/libnds/lib\libnds9.a(swiSoftReset.o)
 .debug_aranges
                0x00000568       0x38 C:/devkitPro/libnds/lib\libnds9.a(dynamicArray.o)
 .debug_aranges
                0x000005a0       0x60 C:/devkitPro/libnds/lib\libnds9.a(trig.o)
 .debug_aranges
                0x00000600       0x48 C:/devkitPro/libnds/lib\libnds9.a(video.o)
 .debug_aranges
                0x00000648       0x68 C:/devkitPro/libnds/lib\libnds9.a(system.o)

.debug_pubnames
 *(.debug_pubnames)

.debug_info     0x00000000     0xec48
 *(.debug_info)
 .debug_info    0x00000000      0xba6 MaxModExample.o
 .debug_info    0x00000ba6     0x52ea C:/devkitPro/libnds/lib\libnds9.a(gl2d.o)
 .debug_info    0x00005e90     0x3895 C:/devkitPro/libnds/lib\libnds9.a(videoGL.o)
 .debug_info    0x00009725      0x43b C:/devkitPro/libnds/lib\libnds9.a(keys.o)
 .debug_info    0x00009b60     0x113e C:/devkitPro/libnds/lib\libnds9.a(initSystem.o)
 .debug_info    0x0000ac9e       0x5a C:/devkitPro/libnds/lib\libnds9.a(securearea.o)
 .debug_info    0x0000acf8      0x68d C:/devkitPro/libnds/lib\libnds9.a(interrupts.o)
 .debug_info    0x0000b385      0x367 C:/devkitPro/libnds/lib\libnds9.a(libnds_exit.arm.o)
 .debug_info    0x0000b6ec     0x183f C:/devkitPro/libnds/lib\libnds9.a(fifosystem.o)
 .debug_info    0x0000cf2b       0x23 C:/devkitPro/libnds/lib\libnds9.a(mpu_setup.o)
 .debug_info    0x0000cf4e       0x23 C:/devkitPro/libnds/lib\libnds9.a(IntrWait.o)
 .debug_info    0x0000cf71       0x24 C:/devkitPro/libnds/lib\libnds9.a(cpu_clock.o)
 .debug_info    0x0000cf95       0x25 C:/devkitPro/libnds/lib\libnds9.a(interruptDispatcher.o)
 .debug_info    0x0000cfba       0x23 C:/devkitPro/libnds/lib\libnds9.a(biosCalls.o)
 .debug_info    0x0000cfdd       0x24 C:/devkitPro/libnds/lib\libnds9.a(swiSoftReset.o)
 .debug_info    0x0000d001      0x2ae C:/devkitPro/libnds/lib\libnds9.a(dynamicArray.o)
 .debug_info    0x0000d2af      0x793 C:/devkitPro/libnds/lib\libnds9.a(trig.o)
 .debug_info    0x0000da42      0x790 C:/devkitPro/libnds/lib\libnds9.a(video.o)
 .debug_info    0x0000e1d2      0xa76 C:/devkitPro/libnds/lib\libnds9.a(system.o)

.debug_abbrev   0x00000000     0x26a8
 *(.debug_abbrev)
 .debug_abbrev  0x00000000      0x2f7 MaxModExample.o
 .debug_abbrev  0x000002f7      0x52b C:/devkitPro/libnds/lib\libnds9.a(gl2d.o)
 .debug_abbrev  0x00000822      0x5d2 C:/devkitPro/libnds/lib\libnds9.a(videoGL.o)
 .debug_abbrev  0x00000df4      0x1a7 C:/devkitPro/libnds/lib\libnds9.a(keys.o)
 .debug_abbrev  0x00000f9b      0x3e1 C:/devkitPro/libnds/lib\libnds9.a(initSystem.o)
 .debug_abbrev  0x0000137c       0x47 C:/devkitPro/libnds/lib\libnds9.a(securearea.o)
 .debug_abbrev  0x000013c3      0x2da C:/devkitPro/libnds/lib\libnds9.a(interrupts.o)
 .debug_abbrev  0x0000169d      0x1ad C:/devkitPro/libnds/lib\libnds9.a(libnds_exit.arm.o)
 .debug_abbrev  0x0000184a      0x4bb C:/devkitPro/libnds/lib\libnds9.a(fifosystem.o)
 .debug_abbrev  0x00001d05       0x12 C:/devkitPro/libnds/lib\libnds9.a(mpu_setup.o)
 .debug_abbrev  0x00001d17       0x12 C:/devkitPro/libnds/lib\libnds9.a(IntrWait.o)
 .debug_abbrev  0x00001d29       0x14 C:/devkitPro/libnds/lib\libnds9.a(cpu_clock.o)
 .debug_abbrev  0x00001d3d       0x14 C:/devkitPro/libnds/lib\libnds9.a(interruptDispatcher.o)
 .debug_abbrev  0x00001d51       0x12 C:/devkitPro/libnds/lib\libnds9.a(biosCalls.o)
 .debug_abbrev  0x00001d63       0x14 C:/devkitPro/libnds/lib\libnds9.a(swiSoftReset.o)
 .debug_abbrev  0x00001d77      0x158 C:/devkitPro/libnds/lib\libnds9.a(dynamicArray.o)
 .debug_abbrev  0x00001ecf      0x26e C:/devkitPro/libnds/lib\libnds9.a(trig.o)
 .debug_abbrev  0x0000213d      0x24c C:/devkitPro/libnds/lib\libnds9.a(video.o)
 .debug_abbrev  0x00002389      0x31f C:/devkitPro/libnds/lib\libnds9.a(system.o)

.debug_line     0x00000000     0xa711
 *(.debug_line)
 .debug_line    0x00000000      0x3ce MaxModExample.o
 .debug_line    0x000003ce     0x38f7 C:/devkitPro/libnds/lib\libnds9.a(gl2d.o)
 .debug_line    0x00003cc5     0x2b2f C:/devkitPro/libnds/lib\libnds9.a(videoGL.o)
 .debug_line    0x000067f4      0x399 C:/devkitPro/libnds/lib\libnds9.a(keys.o)
 .debug_line    0x00006b8d      0x597 C:/devkitPro/libnds/lib\libnds9.a(initSystem.o)
 .debug_line    0x00007124       0x8f C:/devkitPro/libnds/lib\libnds9.a(securearea.o)
 .debug_line    0x000071b3      0x54c C:/devkitPro/libnds/lib\libnds9.a(interrupts.o)
 .debug_line    0x000076ff      0x23b C:/devkitPro/libnds/lib\libnds9.a(libnds_exit.arm.o)
 .debug_line    0x0000793a     0x14f5 C:/devkitPro/libnds/lib\libnds9.a(fifosystem.o)
 .debug_line    0x00008e2f       0xe8 C:/devkitPro/libnds/lib\libnds9.a(mpu_setup.o)
 .debug_line    0x00008f17       0x74 C:/devkitPro/libnds/lib\libnds9.a(IntrWait.o)
 .debug_line    0x00008f8b       0x5c C:/devkitPro/libnds/lib\libnds9.a(cpu_clock.o)
 .debug_line    0x00008fe7       0x80 C:/devkitPro/libnds/lib\libnds9.a(interruptDispatcher.o)
 .debug_line    0x00009067      0x1b0 C:/devkitPro/libnds/lib\libnds9.a(biosCalls.o)
 .debug_line    0x00009217       0x57 C:/devkitPro/libnds/lib\libnds9.a(swiSoftReset.o)
 .debug_line    0x0000926e      0x2db C:/devkitPro/libnds/lib\libnds9.a(dynamicArray.o)
 .debug_line    0x00009549      0x837 C:/devkitPro/libnds/lib\libnds9.a(trig.o)
 .debug_line    0x00009d80      0x4b5 C:/devkitPro/libnds/lib\libnds9.a(video.o)
 .debug_line    0x0000a235      0x4dc C:/devkitPro/libnds/lib\libnds9.a(system.o)

.debug_frame    0x00000000      0xf34
 *(.debug_frame)
 .debug_frame   0x00000000       0x38 MaxModExample.o
 .debug_frame   0x00000038      0x350 C:/devkitPro/libnds/lib\libnds9.a(gl2d.o)
 .debug_frame   0x00000388      0x458 C:/devkitPro/libnds/lib\libnds9.a(videoGL.o)
 .debug_frame   0x000007e0       0x8c C:/devkitPro/libnds/lib\libnds9.a(keys.o)
 .debug_frame   0x0000086c       0x5c C:/devkitPro/libnds/lib\libnds9.a(initSystem.o)
 .debug_frame   0x000008c8       0xa4 C:/devkitPro/libnds/lib\libnds9.a(interrupts.o)
 .debug_frame   0x0000096c       0x38 C:/devkitPro/libnds/lib\libnds9.a(libnds_exit.arm.o)
 .debug_frame   0x000009a4      0x294 C:/devkitPro/libnds/lib\libnds9.a(fifosystem.o)
 .debug_frame   0x00000c38       0x70 C:/devkitPro/libnds/lib\libnds9.a(dynamicArray.o)
 .debug_frame   0x00000ca8       0xd8 C:/devkitPro/libnds/lib\libnds9.a(trig.o)
 .debug_frame   0x00000d80       0xbc C:/devkitPro/libnds/lib\libnds9.a(video.o)
 .debug_frame   0x00000e3c       0xf8 C:/devkitPro/libnds/lib\libnds9.a(system.o)

.debug_str      0x00000000     0x3775
 *(.debug_str)
 .debug_str     0x00000000      0x632 MaxModExample.o
                                0x6ae (size before relaxing)
 .debug_str     0x00000632      0x92c C:/devkitPro/libnds/lib\libnds9.a(gl2d.o)
                                0xc8a (size before relaxing)
 .debug_str     0x00000f5e     0x1080 C:/devkitPro/libnds/lib\libnds9.a(videoGL.o)
                               0x1740 (size before relaxing)
 .debug_str     0x00001fde      0x190 C:/devkitPro/libnds/lib\libnds9.a(keys.o)
                                0x420 (size before relaxing)
 .debug_str     0x0000216e      0x867 C:/devkitPro/libnds/lib\libnds9.a(initSystem.o)
                                0xb81 (size before relaxing)
 .debug_str     0x000029d5       0x7f C:/devkitPro/libnds/lib\libnds9.a(securearea.o)
                                0x16e (size before relaxing)
 .debug_str     0x00002a54      0x19c C:/devkitPro/libnds/lib\libnds9.a(interrupts.o)
                                0x496 (size before relaxing)
 .debug_str     0x00002bf0      0x115 C:/devkitPro/libnds/lib\libnds9.a(libnds_exit.arm.o)
                                0x3e5 (size before relaxing)
 .debug_str     0x00002d05      0x473 C:/devkitPro/libnds/lib\libnds9.a(fifosystem.o)
                                0x8a9 (size before relaxing)
 .debug_str     0x00003178       0x18 C:/devkitPro/libnds/lib\libnds9.a(mpu_setup.o)
                                 0x6c (size before relaxing)
 .debug_str     0x00003190        0xb C:/devkitPro/libnds/lib\libnds9.a(IntrWait.o)
                                 0x6b (size before relaxing)
 .debug_str     0x0000319b        0xc C:/devkitPro/libnds/lib\libnds9.a(cpu_clock.o)
                                 0x6c (size before relaxing)
 .debug_str     0x000031a7       0x16 C:/devkitPro/libnds/lib\libnds9.a(interruptDispatcher.o)
                                 0x76 (size before relaxing)
 .debug_str     0x000031bd        0xc C:/devkitPro/libnds/lib\libnds9.a(biosCalls.o)
                                 0x6c (size before relaxing)
 .debug_str     0x000031c9        0xf C:/devkitPro/libnds/lib\libnds9.a(swiSoftReset.o)
                                 0x6f (size before relaxing)
 .debug_str     0x000031d8       0x90 C:/devkitPro/libnds/lib\libnds9.a(dynamicArray.o)
                                0x2a5 (size before relaxing)
 .debug_str     0x00003268      0x102 C:/devkitPro/libnds/lib\libnds9.a(trig.o)
                                0x2fc (size before relaxing)
 .debug_str     0x0000336a       0xb8 C:/devkitPro/libnds/lib\libnds9.a(video.o)
                                0xc53 (size before relaxing)
 .debug_str     0x00003422      0x353 C:/devkitPro/libnds/lib\libnds9.a(system.o)
                                0x798 (size before relaxing)

.debug_loc
 *(.debug_loc)

.debug_macinfo
 *(.debug_macinfo)

.debug_weaknames
 *(.debug_weaknames)

.debug_funcnames
 *(.debug_funcnames)

.debug_typenames
 *(.debug_typenames)

.debug_varnames
 *(.debug_varnames)

.stack          0x00080000        0x0
                0x00080000                        _stack = .
 *(.stack)
LOAD C:/devkitPro/devkitARM/bin/../lib/gcc/arm-none-eabi/13.1.0/../../../../arm-none-eabi/lib/thumb/ds_arm9_crt0.o
LOAD C:/devkitPro/devkitARM/bin/../lib/gcc/arm-none-eabi/13.1.0/thumb/crti.o
LOAD C:/devkitPro/devkitARM/bin/../lib/gcc/arm-none-eabi/13.1.0/thumb/crtbegin.o
LOAD soundbank.bin.o
LOAD MaxModExample.o
LOAD C:/devkitPro/libnds/lib\libmm9.a
LOAD C:/devkitPro/libnds/lib\libnds9.a
START GROUP
LOAD C:/devkitPro/devkitARM/bin/../lib/gcc/arm-none-eabi/13.1.0/thumb\libgcc.a
LOAD C:/devkitPro/devkitARM/bin/../lib/gcc/arm-none-eabi/13.1.0/../../../../arm-none-eabi/lib/thumb\libg.a
LOAD C:/devkitPro/devkitARM/bin/../lib/gcc/arm-none-eabi/13.1.0/../../../../arm-none-eabi/lib/thumb\libc.a
LOAD C:/devkitPro/devkitARM/bin/../lib/gcc/arm-none-eabi/13.1.0/../../../../arm-none-eabi/lib/thumb\libsysbase.a
END GROUP
LOAD C:/devkitPro/devkitARM/bin/../lib/gcc/arm-none-eabi/13.1.0/thumb/crtend.o
LOAD C:/devkitPro/devkitARM/bin/../lib/gcc/arm-none-eabi/13.1.0/thumb/crtn.o
OUTPUT(C:/Users/andre/desktop/C++/NDS-Games/Test/Test.elf elf32-littlearm)
LOAD linker stubs

.debug_loclists
                0x00000000     0x6803
 .debug_loclists
                0x00000000       0xb0 MaxModExample.o
 .debug_loclists
                0x000000b0     0x24f9 C:/devkitPro/libnds/lib\libnds9.a(gl2d.o)
 .debug_loclists
                0x000025a9     0x25a2 C:/devkitPro/libnds/lib\libnds9.a(videoGL.o)
 .debug_loclists
                0x00004b4b       0x17 C:/devkitPro/libnds/lib\libnds9.a(keys.o)
 .debug_loclists
                0x00004b62       0xc5 C:/devkitPro/libnds/lib\libnds9.a(initSystem.o)
 .debug_loclists
                0x00004c27      0x1a5 C:/devkitPro/libnds/lib\libnds9.a(interrupts.o)
 .debug_loclists
                0x00004dcc       0x48 C:/devkitPro/libnds/lib\libnds9.a(libnds_exit.arm.o)
 .debug_loclists
                0x00004e14      0xe1a C:/devkitPro/libnds/lib\libnds9.a(fifosystem.o)
 .debug_loclists
                0x00005c2e      0x142 C:/devkitPro/libnds/lib\libnds9.a(dynamicArray.o)
 .debug_loclists
                0x00005d70      0x779 C:/devkitPro/libnds/lib\libnds9.a(trig.o)
 .debug_loclists
                0x000064e9      0x1da C:/devkitPro/libnds/lib\libnds9.a(video.o)
 .debug_loclists
                0x000066c3      0x140 C:/devkitPro/libnds/lib\libnds9.a(system.o)

.debug_rnglists
                0x00000000     0x173b
 .debug_rnglists
                0x00000000       0x30 MaxModExample.o
 .debug_rnglists
                0x00000030      0xc73 C:/devkitPro/libnds/lib\libnds9.a(gl2d.o)
 .debug_rnglists
                0x00000ca3      0x4d9 C:/devkitPro/libnds/lib\libnds9.a(videoGL.o)
 .debug_rnglists
                0x0000117c       0x44 C:/devkitPro/libnds/lib\libnds9.a(keys.o)
 .debug_rnglists
                0x000011c0       0x20 C:/devkitPro/libnds/lib\libnds9.a(initSystem.o)
 .debug_rnglists
                0x000011e0       0x8b C:/devkitPro/libnds/lib\libnds9.a(interrupts.o)
 .debug_rnglists
                0x0000126b       0x19 C:/devkitPro/libnds/lib\libnds9.a(libnds_exit.arm.o)
 .debug_rnglists
                0x00001284      0x2a4 C:/devkitPro/libnds/lib\libnds9.a(fifosystem.o)
 .debug_rnglists
                0x00001528       0x20 C:/devkitPro/libnds/lib\libnds9.a(mpu_setup.o)
 .debug_rnglists
                0x00001548       0x19 C:/devkitPro/libnds/lib\libnds9.a(IntrWait.o)
 .debug_rnglists
                0x00001561       0x91 C:/devkitPro/libnds/lib\libnds9.a(biosCalls.o)
 .debug_rnglists
                0x000015f2       0x25 C:/devkitPro/libnds/lib\libnds9.a(dynamicArray.o)
 .debug_rnglists
                0x00001617       0x9d C:/devkitPro/libnds/lib\libnds9.a(trig.o)
 .debug_rnglists
                0x000016b4       0x3e C:/devkitPro/libnds/lib\libnds9.a(video.o)
 .debug_rnglists
                0x000016f2       0x49 C:/devkitPro/libnds/lib\libnds9.a(system.o)

.debug_line_str
                0x00000000      0x113
 .debug_line_str
                0x00000000       0x6e C:/devkitPro/libnds/lib\libnds9.a(mpu_setup.o)
                                 0xdc (size before relaxing)
 .debug_line_str
                0x0000006e        0xb C:/devkitPro/libnds/lib\libnds9.a(IntrWait.o)
                                 0xda (size before relaxing)
 .debug_line_str
                0x00000079        0xc C:/devkitPro/libnds/lib\libnds9.a(cpu_clock.o)
                                 0xdc (size before relaxing)
 .debug_line_str
                0x00000085       0x73 C:/devkitPro/libnds/lib\libnds9.a(interruptDispatcher.o)
                                 0xe6 (size before relaxing)
 .debug_line_str
                0x000000f8        0xc C:/devkitPro/libnds/lib\libnds9.a(biosCalls.o)
                                 0xd2 (size before relaxing)
 .debug_line_str
                0x00000104        0xf C:/devkitPro/libnds/lib\libnds9.a(swiSoftReset.o)
                                 0xd8 (size before relaxing)
